../Core/Src/main.c:94:5:main	120	static
../Core/Src/main.c:203:6:SystemClock_Config	72	static
../Core/Src/main.c:243:13:MX_USART1_UART_Init	8	static
../Core/Src/main.c:276:13:MX_USART2_UART_Init	8	static
../Core/Src/main.c:309:13:MX_USART3_UART_Init	8	static
../Core/Src/main.c:340:13:MX_DMA_Init	16	static
../Core/Src/main.c:361:13:MX_GPIO_Init	40	static
../Core/Src/main.c:388:6:HAL_UARTEx_RxEventCallback	24	static,ignoring_inline_asm
../Core/Src/main.c:406:6:StartDefaultTask	72	static
../Core/Src/main.c:460:6:StartTask02	16	static
../Core/Src/main.c:497:6:StartTask03	24	static
../Core/Src/main.c:534:6:StartTask04	72	static
../Core/Src/main.c:554:6:Error_Handler	4	static,ignoring_inline_asm
