../Core/Src/main.c:94:5:main	120	static
../Core/Src/main.c:204:6:SystemClock_Config	72	static
../Core/Src/main.c:244:13:MX_USART1_UART_Init	8	static
../Core/Src/main.c:277:13:MX_USART2_UART_Init	8	static
../Core/Src/main.c:310:13:MX_USART3_UART_Init	8	static
../Core/Src/main.c:341:13:MX_DMA_Init	16	static
../Core/Src/main.c:362:13:MX_GPIO_Init	40	static
../Core/Src/main.c:389:6:HAL_UARTEx_RxEventCallback	24	static,ignoring_inline_asm
../Core/Src/main.c:407:6:StartDefaultTask	72	static
../Core/Src/main.c:464:6:StartTask02	16	static
../Core/Src/main.c:502:6:StartTask03	24	static
../Core/Src/main.c:540:6:StartTask04	72	static
../Core/Src/main.c:560:6:Error_Handler	4	static,ignoring_inline_asm
