Archive member included to satisfy reference by file (symbol)

/opt/st/stm32cubeide_1.12.1_2/plugins/com.st.stm32cube.ide.mcu.externaltools.gnu-tools-for-stm32.10.3-2021.10.linux64_1.0.200.202301161003/tools/bin/../lib/gcc/arm-none-eabi/10.3.1/../../../../arm-none-eabi/lib/thumb/v7-m/nofp/libc_nano.a(lib_a-errno.o)
                              ./Core/Src/syscalls.o (__errno)
/opt/st/stm32cubeide_1.12.1_2/plugins/com.st.stm32cube.ide.mcu.externaltools.gnu-tools-for-stm32.10.3-2021.10.linux64_1.0.200.202301161003/tools/bin/../lib/gcc/arm-none-eabi/10.3.1/../../../../arm-none-eabi/lib/thumb/v7-m/nofp/libc_nano.a(lib_a-exit.o)
                              /opt/st/stm32cubeide_1.12.1_2/plugins/com.st.stm32cube.ide.mcu.externaltools.gnu-tools-for-stm32.10.3-2021.10.linux64_1.0.200.202301161003/tools/bin/../lib/gcc/arm-none-eabi/10.3.1/../../../../arm-none-eabi/lib/thumb/v7-m/nofp/crt0.o (exit)
/opt/st/stm32cubeide_1.12.1_2/plugins/com.st.stm32cube.ide.mcu.externaltools.gnu-tools-for-stm32.10.3-2021.10.linux64_1.0.200.202301161003/tools/bin/../lib/gcc/arm-none-eabi/10.3.1/../../../../arm-none-eabi/lib/thumb/v7-m/nofp/libc_nano.a(lib_a-findfp.o)
                              ./Middlewares/Third_Party/FreeRTOS/Source/tasks.o (__sf_fake_stderr)
/opt/st/stm32cubeide_1.12.1_2/plugins/com.st.stm32cube.ide.mcu.externaltools.gnu-tools-for-stm32.10.3-2021.10.linux64_1.0.200.202301161003/tools/bin/../lib/gcc/arm-none-eabi/10.3.1/../../../../arm-none-eabi/lib/thumb/v7-m/nofp/libc_nano.a(lib_a-fwalk.o)
                              /opt/st/stm32cubeide_1.12.1_2/plugins/com.st.stm32cube.ide.mcu.externaltools.gnu-tools-for-stm32.10.3-2021.10.linux64_1.0.200.202301161003/tools/bin/../lib/gcc/arm-none-eabi/10.3.1/../../../../arm-none-eabi/lib/thumb/v7-m/nofp/libc_nano.a(lib_a-findfp.o) (_fwalk)
/opt/st/stm32cubeide_1.12.1_2/plugins/com.st.stm32cube.ide.mcu.externaltools.gnu-tools-for-stm32.10.3-2021.10.linux64_1.0.200.202301161003/tools/bin/../lib/gcc/arm-none-eabi/10.3.1/../../../../arm-none-eabi/lib/thumb/v7-m/nofp/libc_nano.a(lib_a-impure.o)
                              /opt/st/stm32cubeide_1.12.1_2/plugins/com.st.stm32cube.ide.mcu.externaltools.gnu-tools-for-stm32.10.3-2021.10.linux64_1.0.200.202301161003/tools/bin/../lib/gcc/arm-none-eabi/10.3.1/../../../../arm-none-eabi/lib/thumb/v7-m/nofp/libc_nano.a(lib_a-exit.o) (_global_impure_ptr)
/opt/st/stm32cubeide_1.12.1_2/plugins/com.st.stm32cube.ide.mcu.externaltools.gnu-tools-for-stm32.10.3-2021.10.linux64_1.0.200.202301161003/tools/bin/../lib/gcc/arm-none-eabi/10.3.1/../../../../arm-none-eabi/lib/thumb/v7-m/nofp/libc_nano.a(lib_a-init.o)
                              /opt/st/stm32cubeide_1.12.1_2/plugins/com.st.stm32cube.ide.mcu.externaltools.gnu-tools-for-stm32.10.3-2021.10.linux64_1.0.200.202301161003/tools/bin/../lib/gcc/arm-none-eabi/10.3.1/../../../../arm-none-eabi/lib/thumb/v7-m/nofp/crt0.o (__libc_init_array)
/opt/st/stm32cubeide_1.12.1_2/plugins/com.st.stm32cube.ide.mcu.externaltools.gnu-tools-for-stm32.10.3-2021.10.linux64_1.0.200.202301161003/tools/bin/../lib/gcc/arm-none-eabi/10.3.1/../../../../arm-none-eabi/lib/thumb/v7-m/nofp/libc_nano.a(lib_a-lock.o)
                              /opt/st/stm32cubeide_1.12.1_2/plugins/com.st.stm32cube.ide.mcu.externaltools.gnu-tools-for-stm32.10.3-2021.10.linux64_1.0.200.202301161003/tools/bin/../lib/gcc/arm-none-eabi/10.3.1/../../../../arm-none-eabi/lib/thumb/v7-m/nofp/libc_nano.a(lib_a-findfp.o) (__retarget_lock_init_recursive)
/opt/st/stm32cubeide_1.12.1_2/plugins/com.st.stm32cube.ide.mcu.externaltools.gnu-tools-for-stm32.10.3-2021.10.linux64_1.0.200.202301161003/tools/bin/../lib/gcc/arm-none-eabi/10.3.1/../../../../arm-none-eabi/lib/thumb/v7-m/nofp/libc_nano.a(lib_a-memcpy-stub.o)
                              ./Middlewares/Third_Party/FreeRTOS/Source/queue.o (memcpy)
/opt/st/stm32cubeide_1.12.1_2/plugins/com.st.stm32cube.ide.mcu.externaltools.gnu-tools-for-stm32.10.3-2021.10.linux64_1.0.200.202301161003/tools/bin/../lib/gcc/arm-none-eabi/10.3.1/../../../../arm-none-eabi/lib/thumb/v7-m/nofp/libc_nano.a(lib_a-memset.o)
                              /opt/st/stm32cubeide_1.12.1_2/plugins/com.st.stm32cube.ide.mcu.externaltools.gnu-tools-for-stm32.10.3-2021.10.linux64_1.0.200.202301161003/tools/bin/../lib/gcc/arm-none-eabi/10.3.1/../../../../arm-none-eabi/lib/thumb/v7-m/nofp/crt0.o (memset)
/opt/st/stm32cubeide_1.12.1_2/plugins/com.st.stm32cube.ide.mcu.externaltools.gnu-tools-for-stm32.10.3-2021.10.linux64_1.0.200.202301161003/tools/bin/../lib/gcc/arm-none-eabi/10.3.1/../../../../arm-none-eabi/lib/thumb/v7-m/nofp/libc_nano.a(lib_a-nano-mallocr.o)
                              /opt/st/stm32cubeide_1.12.1_2/plugins/com.st.stm32cube.ide.mcu.externaltools.gnu-tools-for-stm32.10.3-2021.10.linux64_1.0.200.202301161003/tools/bin/../lib/gcc/arm-none-eabi/10.3.1/../../../../arm-none-eabi/lib/thumb/v7-m/nofp/libc_nano.a(lib_a-findfp.o) (_malloc_r)
[...]
Memory Configuration

Name             Origin             Length             Attributes
RAM              0x0000000020000000 0x0000000000005000 xrw
FLASH            0x0000000008000000 0x0000000000010000 xr
*default*        0x0000000000000000 0xffffffffffffffff

Linker script and memory map

LOAD /opt/st/stm32cubeide_1.12.1_2/plugins/com.st.stm32cube.ide.mcu.externaltools.gnu-tools-for-stm32.10.3-2021.10.linux64_1.0.200.202301161003/tools/bin/../lib/gcc/arm-none-eabi/10.3.1/thumb/v7-m/nofp/crti.o
LOAD /opt/st/stm32cubeide_1.12.1_2/plugins/com.st.stm32cube.ide.mcu.externaltools.gnu-tools-for-stm32.10.3-2021.10.linux64_1.0.200.202301161003/tools/bin/../lib/gcc/arm-none-eabi/10.3.1/thumb/v7-m/nofp/crtbegin.o
LOAD /opt/st/stm32cubeide_1.12.1_2/plugins/com.st.stm32cube.ide.mcu.externaltools.gnu-tools-for-stm32.10.3-2021.10.linux64_1.0.200.202301161003/tools/bin/../lib/gcc/arm-none-eabi/10.3.1/../../../../arm-none-eabi/lib/thumb/v7-m/nofp/crt0.o
LOAD ./Core/Src/freertos.o
LOAD ./Core/Src/main.o
LOAD ./Core/Src/stm32f1xx_hal_msp.o
LOAD ./Core/Src/stm32f1xx_it.o
LOAD ./Core/Src/syscalls.o
LOAD ./Core/Src/sysmem.o
LOAD ./Core/Src/system_stm32f1xx.o
LOAD ./Core/Startup/startup_stm32f103c8tx.o
LOAD ./Drivers/STM32F1xx_HAL_Driver/Src/stm32f1xx_hal.o
LOAD ./Drivers/STM32F1xx_HAL_Driver/Src/stm32f1xx_hal_cortex.o
LOAD ./Drivers/STM32F1xx_HAL_Driver/Src/stm32f1xx_hal_dma.o
LOAD ./Drivers/STM32F1xx_HAL_Driver/Src/stm32f1xx_hal_exti.o
LOAD ./Drivers/STM32F1xx_HAL_Driver/Src/stm32f1xx_hal_flash.o
LOAD ./Drivers/STM32F1xx_HAL_Driver/Src/stm32f1xx_hal_flash_ex.o
LOAD ./Drivers/STM32F1xx_HAL_Driver/Src/stm32f1xx_hal_gpio.o
LOAD ./Drivers/STM32F1xx_HAL_Driver/Src/stm32f1xx_hal_gpio_ex.o
LOAD ./Drivers/STM32F1xx_HAL_Driver/Src/stm32f1xx_hal_pwr.o
LOAD ./Drivers/STM32F1xx_HAL_Driver/Src/stm32f1xx_hal_rcc.o
LOAD ./Drivers/STM32F1xx_HAL_Driver/Src/stm32f1xx_hal_rcc_ex.o
LOAD ./Drivers/STM32F1xx_HAL_Driver/Src/stm32f1xx_hal_uart.o
LOAD ./Middlewares/Third_Party/FreeRTOS/Source/CMSIS_RTOS/cmsis_os.o
LOAD ./Middlewares/Third_Party/FreeRTOS/Source/croutine.o
LOAD ./Middlewares/Third_Party/FreeRTOS/Source/event_groups.o
LOAD ./Middlewares/Third_Party/FreeRTOS/Source/list.o
LOAD ./Middlewares/Third_Party/FreeRTOS/Source/queue.o
LOAD ./Middlewares/Third_Party/FreeRTOS/Source/stream_buffer.o
LOAD ./Middlewares/Third_Party/FreeRTOS/Source/tasks.o
LOAD ./Middlewares/Third_Party/FreeRTOS/Source/timers.o
LOAD ./Middlewares/Third_Party/FreeRTOS/Source/portable/GCC/ARM_CM3/port.o
LOAD ./Middlewares/Third_Party/FreeRTOS/Source/portable/MemMang/heap_4.o
START GROUP
LOAD /opt/st/stm32cubeide_1.12.1_2/plugins/com.st.stm32cube.ide.mcu.externaltools.gnu-tools-for-stm32.10.3-2021.10.linux64_1.0.200.202301161003/tools/bin/../lib/gcc/arm-none-eabi/10.3.1/../../../../arm-none-eabi/lib/thumb/v7-m/nofp/libc_nano.a
LOAD /opt/st/stm32cubeide_1.12.1_2/plugins/com.st.stm32cube.ide.mcu.externaltools.gnu-tools-for-stm32.10.3-2021.10.linux64_1.0.200.202301161003/tools/bin/../lib/gcc/arm-none-eabi/10.3.1/../../../../arm-none-eabi/lib/thumb/v7-m/nofp/libm.a
END GROUP
START GROUP
LOAD /opt/st/stm32cubeide_1.12.1_2/plugins/com.st.stm32cube.ide.mcu.externaltools.gnu-tools-for-stm32.10.3-2021.10.linux64_1.0.200.202301161003/tools/bin/../lib/gcc/arm-none-eabi/10.3.1/thumb/v7-m/nofp/libgcc.a
LOAD /opt/st/stm32cubeide_1.12.1_2/plugins/com.st.stm32cube.ide.mcu.externaltools.gnu-tools-for-stm32.10.3-2021.10.linux64_1.0.200.202301161003/tools/bin/../lib/gcc/arm-none-eabi/10.3.1/../../../../arm-none-eabi/lib/thumb/v7-m/nofp/libc_nano.a
END GROUP
START GROUP
LOAD /opt/st/stm32cubeide_1.12.1_2/plugins/com.st.stm32cube.ide.mcu.externaltools.gnu-tools-for-stm32.10.3-2021.10.linux64_1.0.200.202301161003/tools/bin/../lib/gcc/arm-none-eabi/10.3.1/thumb/v7-m/nofp/libgcc.a
LOAD /opt/st/stm32cubeide_1.12.1_2/plugins/com.st.stm32cube.ide.mcu.externaltools.gnu-tools-for-stm32.10.3-2021.10.linux64_1.0.200.202301161003/tools/bin/../lib/gcc/arm-none-eabi/10.3.1/../../../../arm-none-eabi/lib/thumb/v7-m/nofp/libc_nano.a
LOAD /opt/st/stm32cubeide_1.12.1_2/plugins/com.st.stm32cube.ide.mcu.externaltools.gnu-tools-for-stm32.10.3-2021.10.linux64_1.0.200.202301161003/tools/bin/../lib/gcc/arm-none-eabi/10.3.1/../../../../arm-none-eabi/lib/thumb/v7-m/nofp/libnosys.a
END GROUP
START GROUP
LOAD /opt/st/stm32cubeide_1.12.1_2/plugins/com.st.stm32cube.ide.mcu.externaltools.gnu-tools-for-stm32.10.3-2021.10.linux64_1.0.200.202301161003/tools/bin/../lib/gcc/arm-none-eabi/10.3.1/thumb/v7-m/nofp/libgcc.a
LOAD /opt/st/stm32cubeide_1.12.1_2/plugins/com.st.stm32cube.ide.mcu.externaltools.gnu-tools-for-stm32.10.3-2021.10.linux64_1.0.200.202301161003/tools/bin/../lib/gcc/arm-none-eabi/10.3.1/../../../../arm-none-eabi/lib/thumb/v7-m/nofp/libc_nano.a
LOAD /opt/st/stm32cubeide_1.12.1_2/plugins/com.st.stm32cube.ide.mcu.externaltools.gnu-tools-for-stm32.10.3-2021.10.linux64_1.0.200.202301161003/tools/bin/../lib/gcc/arm-none-eabi/10.3.1/../../../../arm-none-eabi/lib/thumb/v7-m/nofp/libnosys.a
END GROUP
LOAD /opt/st/stm32cubeide_1.12.1_2/plugins/com.st.stm32cube.ide.mcu.externaltools.gnu-tools-for-stm32.10.3-2021.10.linux64_1.0.200.202301161003/tools/bin/../lib/gcc/arm-none-eabi/10.3.1/thumb/v7-m/nofp/crtend.o
LOAD /opt/st/stm32cubeide_1.12.1_2/plugins/com.st.stm32cube.ide.mcu.externaltools.gnu-tools-for-stm32.10.3-2021.10.linux64_1.0.200.202301161003/tools/bin/../lib/gcc/arm-none-eabi/10.3.1/thumb/v7-m/nofp/crtn.o
                0x0000000020005000                _estack = (ORIGIN (RAM) + LENGTH (RAM))
                0x0000000000000200                _Min_Heap_Size = 0x200
                0x0000000000000400                _Min_Stack_Size = 0x400

.isr_vector     0x0000000008000000      0x10c
                0x0000000008000000                . = ALIGN (0x4)
 *(.isr_vector)
 .isr_vector    0x0000000008000000      0x10c ./Core/Startup/startup_stm32f103c8tx.o
                0x0000000008000000                g_pfnVectors
                0x000000000800010c                . = ALIGN (0x4)

.text           0x0000000008000110     0x50b8
                0x0000000008000110                . = ALIGN (0x4)
 *(.text)
 .text          0x0000000008000110       0x40 /opt/st/stm32cubeide_1.12.1_2/plugins/com.st.stm32cube.ide.mcu.externaltools.gnu-tools-for-stm32.10.3-2021.10.linux64_1.0.200.202301161003/tools/bin/../lib/gcc/arm-none-eabi/10.3.1/thumb/v7-m/nofp/crtbegin.o
 *(.text*)
 .text.vApplicationGetIdleTaskMemory
                0x0000000008000150       0x30 ./Core/Src/freertos.o
                0x0000000008000150                vApplicationGetIdleTaskMemory
 .text.main     0x0000000008000180      0x168 ./Core/Src/main.o
                0x0000000008000180                main
 .text.SystemClock_Config
                0x00000000080002e8       0x8a ./Core/Src/main.o
                0x00000000080002e8                SystemClock_Config
 *fill*         0x0000000008000372        0x2 
 .text.MX_USART1_UART_Init
                0x0000000008000374       0x54 ./Core/Src/main.o
 .text.MX_USART2_UART_Init
                0x00000000080003c8       0x54 ./Core/Src/main.o
 .text.MX_USART3_UART_Init
                0x000000000800041c       0x54 ./Core/Src/main.o
 .text.MX_DMA_Init
                0x0000000008000470       0x4c ./Core/Src/main.o
 .text.MX_GPIO_Init
                0x00000000080004bc       0xb0 ./Core/Src/main.o
 .text.HAL_UARTEx_RxEventCallback
                0x000000000800056c       0x78 ./Core/Src/main.o
                0x000000000800056c                HAL_UARTEx_RxEventCallback
 .text.StartDefaultTask
                0x00000000080005e4      0x12c ./Core/Src/main.o
                0x00000000080005e4                StartDefaultTask
 .text.StartTask02
                0x0000000008000710       0x9c ./Core/Src/main.o
                0x0000000008000710                StartTask02
 .text.StartTask03
                0x00000000080007ac       0xa0 ./Core/Src/main.o
                0x00000000080007ac                StartTask03
 .text.Error_Handler
                0x000000000800084c        0xa ./Core/Src/main.o
                0x000000000800084c                Error_Handler
 *fill*         0x0000000008000856        0x2 
 .text.HAL_MspInit
                0x0000000008000858       0x50 ./Core/Src/stm32f1xx_hal_msp.o
                0x0000000008000858                HAL_MspInit
 .text.HAL_UART_MspInit
                0x00000000080008a8      0x228 ./Core/Src/stm32f1xx_hal_msp.o
                0x00000000080008a8                HAL_UART_MspInit
 .text.NMI_Handler
                0x0000000008000ad0        0x6 ./Core/Src/stm32f1xx_it.o
                0x0000000008000ad0                NMI_Handler
 .text.HardFault_Handler
                0x0000000008000ad6        0x6 ./Core/Src/stm32f1xx_it.o
                0x0000000008000ad6                HardFault_Handler
 .text.MemManage_Handler
                0x0000000008000adc        0x6 ./Core/Src/stm32f1xx_it.o
                0x0000000008000adc                MemManage_Handler
 .text.BusFault_Handler
                0x0000000008000ae2        0x6 ./Core/Src/stm32f1xx_it.o
                0x0000000008000ae2                BusFault_Handler
 .text.UsageFault_Handler
                0x0000000008000ae8        0x6 ./Core/Src/stm32f1xx_it.o
                0x0000000008000ae8                UsageFault_Handler
 .text.DebugMon_Handler
                0x0000000008000aee        0xc ./Core/Src/stm32f1xx_it.o
                0x0000000008000aee                DebugMon_Handler
 .text.SysTick_Handler
                0x0000000008000afa       0x1a ./Core/Src/stm32f1xx_it.o
                0x0000000008000afa                SysTick_Handler
 .text.DMA1_Channel5_IRQHandler
                0x0000000008000b14       0x14 ./Core/Src/stm32f1xx_it.o
                0x0000000008000b14                DMA1_Channel5_IRQHandler
 .text.DMA1_Channel6_IRQHandler
                0x0000000008000b28       0x14 ./Core/Src/stm32f1xx_it.o
                0x0000000008000b28                DMA1_Channel6_IRQHandler
 .text.SystemInit
                0x0000000008000b3c        0xc ./Core/Src/system_stm32f1xx.o
                0x0000000008000b3c                SystemInit
 .text.Reset_Handler
                0x0000000008000b48       0x48 ./Core/Startup/startup_stm32f103c8tx.o
                0x0000000008000b48                Reset_Handler
 .text.Default_Handler
                0x0000000008000b90        0x2 ./Core/Startup/startup_stm32f103c8tx.o
                0x0000000008000b90                RTC_Alarm_IRQHandler
                0x0000000008000b90                EXTI2_IRQHandler
                0x0000000008000b90                TIM1_CC_IRQHandler
                0x0000000008000b90                PVD_IRQHandler
                0x0000000008000b90                EXTI3_IRQHandler
                0x0000000008000b90                EXTI0_IRQHandler
                0x0000000008000b90                I2C2_EV_IRQHandler
                0x0000000008000b90                ADC1_2_IRQHandler
                0x0000000008000b90                SPI1_IRQHandler
                0x0000000008000b90                TAMPER_IRQHandler
                0x0000000008000b90                DMA1_Channel4_IRQHandler
                0x0000000008000b90                USART3_IRQHandler
                0x0000000008000b90                RTC_IRQHandler
                0x0000000008000b90                DMA1_Channel7_IRQHandler
                0x0000000008000b90                CAN1_RX1_IRQHandler
                0x0000000008000b90                TIM4_IRQHandler
                0x0000000008000b90                I2C1_EV_IRQHandler
                0x0000000008000b90                TIM3_IRQHandler
                0x0000000008000b90                RCC_IRQHandler
                0x0000000008000b90                TIM1_TRG_COM_IRQHandler
                0x0000000008000b90                DMA1_Channel1_IRQHandler
                0x0000000008000b90                Default_Handler
                0x0000000008000b90                EXTI15_10_IRQHandler
                0x0000000008000b90                EXTI9_5_IRQHandler
                0x0000000008000b90                SPI2_IRQHandler
                0x0000000008000b90                EXTI4_IRQHandler
                0x0000000008000b90                USB_LP_CAN1_RX0_IRQHandler
                0x0000000008000b90                USB_HP_CAN1_TX_IRQHandler
                0x0000000008000b90                DMA1_Channel3_IRQHandler
                0x0000000008000b90                TIM1_UP_IRQHandler
                0x0000000008000b90                WWDG_IRQHandler
                0x0000000008000b90                TIM2_IRQHandler
                0x0000000008000b90                TIM1_BRK_IRQHandler
                0x0000000008000b90                EXTI1_IRQHandler
                0x0000000008000b90                USART2_IRQHandler
                0x0000000008000b90                I2C2_ER_IRQHandler
                0x0000000008000b90                DMA1_Channel2_IRQHandler
                0x0000000008000b90                CAN1_SCE_IRQHandler
                0x0000000008000b90                FLASH_IRQHandler
                0x0000000008000b90                USART1_IRQHandler
                0x0000000008000b90                I2C1_ER_IRQHandler
                0x0000000008000b90                USBWakeUp_IRQHandler
 *fill*         0x0000000008000b92        0x2 
 .text.HAL_Init
                0x0000000008000b94       0x2c ./Drivers/STM32F1xx_HAL_Driver/Src/stm32f1xx_hal.o
                0x0000000008000b94                HAL_Init
 .text.HAL_InitTick
                0x0000000008000bc0       0x60 ./Drivers/STM32F1xx_HAL_Driver/Src/stm32f1xx_hal.o
                0x0000000008000bc0                HAL_InitTick
 .text.HAL_IncTick
                0x0000000008000c20       0x24 ./Drivers/STM32F1xx_HAL_Driver/Src/stm32f1xx_hal.o
                0x0000000008000c20                HAL_IncTick
 .text.HAL_GetTick
                0x0000000008000c44       0x14 ./Drivers/STM32F1xx_HAL_Driver/Src/stm32f1xx_hal.o
                0x0000000008000c44                HAL_GetTick
 .text.__NVIC_SetPriorityGrouping
                0x0000000008000c58       0x48 ./Drivers/STM32F1xx_HAL_Driver/Src/stm32f1xx_hal_cortex.o
 .text.__NVIC_GetPriorityGrouping
                0x0000000008000ca0       0x1c ./Drivers/STM32F1xx_HAL_Driver/Src/stm32f1xx_hal_cortex.o
 .text.__NVIC_EnableIRQ
                0x0000000008000cbc       0x38 ./Drivers/STM32F1xx_HAL_Driver/Src/stm32f1xx_hal_cortex.o
 .text.__NVIC_SetPriority
                0x0000000008000cf4       0x54 ./Drivers/STM32F1xx_HAL_Driver/Src/stm32f1xx_hal_cortex.o
 .text.NVIC_EncodePriority
                0x0000000008000d48       0x64 ./Drivers/STM32F1xx_HAL_Driver/Src/stm32f1xx_hal_cortex.o
 .text.SysTick_Config
                0x0000000008000dac       0x44 ./Drivers/STM32F1xx_HAL_Driver/Src/stm32f1xx_hal_cortex.o
 .text.HAL_NVIC_SetPriorityGrouping
                0x0000000008000df0       0x16 ./Drivers/STM32F1xx_HAL_Driver/Src/stm32f1xx_hal_cortex.o
                0x0000000008000df0                HAL_NVIC_SetPriorityGrouping
 .text.HAL_NVIC_SetPriority
                0x0000000008000e06       0x38 ./Drivers/STM32F1xx_HAL_Driver/Src/stm32f1xx_hal_cortex.o
                0x0000000008000e06                HAL_NVIC_SetPriority
 .text.HAL_NVIC_EnableIRQ
                0x0000000008000e3e       0x1c ./Drivers/STM32F1xx_HAL_Driver/Src/stm32f1xx_hal_cortex.o
                0x0000000008000e3e                HAL_NVIC_EnableIRQ
 .text.HAL_SYSTICK_Config
                0x0000000008000e5a       0x18 ./Drivers/STM32F1xx_HAL_Driver/Src/stm32f1xx_hal_cortex.o
                0x0000000008000e5a                HAL_SYSTICK_Config
 *fill*         0x0000000008000e72        0x2 
 .text.HAL_DMA_Init
                0x0000000008000e74       0xb4 ./Drivers/STM32F1xx_HAL_Driver/Src/stm32f1xx_hal_dma.o
                0x0000000008000e74                HAL_DMA_Init
 .text.HAL_DMA_Start_IT
                0x0000000008000f28       0xc0 ./Drivers/STM32F1xx_HAL_Driver/Src/stm32f1xx_hal_dma.o
                0x0000000008000f28                HAL_DMA_Start_IT
 .text.HAL_DMA_IRQHandler
                0x0000000008000fe8      0x20c ./Drivers/STM32F1xx_HAL_Driver/Src/stm32f1xx_hal_dma.o
                0x0000000008000fe8                HAL_DMA_IRQHandler
 .text.DMA_SetConfig
                0x00000000080011f4       0x5a ./Drivers/STM32F1xx_HAL_Driver/Src/stm32f1xx_hal_dma.o
 *fill*         0x000000000800124e        0x2 
 .text.HAL_GPIO_Init
                0x0000000008001250      0x308 ./Drivers/STM32F1xx_HAL_Driver/Src/stm32f1xx_hal_gpio.o
                0x0000000008001250                HAL_GPIO_Init
 .text.HAL_GPIO_WritePin
                0x0000000008001558       0x30 ./Drivers/STM32F1xx_HAL_Driver/Src/stm32f1xx_hal_gpio.o
                0x0000000008001558                HAL_GPIO_WritePin
 .text.HAL_GPIO_TogglePin
                0x0000000008001588       0x32 ./Drivers/STM32F1xx_HAL_Driver/Src/stm32f1xx_hal_gpio.o
                0x0000000008001588                HAL_GPIO_TogglePin
 *fill*         0x00000000080015ba        0x2 
 .text.HAL_RCC_OscConfig
                0x00000000080015bc      0x504 ./Drivers/STM32F1xx_HAL_Driver/Src/stm32f1xx_hal_rcc.o
                0x00000000080015bc                HAL_RCC_OscConfig
 .text.HAL_RCC_ClockConfig
                0x0000000008001ac0      0x1d4 ./Drivers/STM32F1xx_HAL_Driver/Src/stm32f1xx_hal_rcc.o
                0x0000000008001ac0                HAL_RCC_ClockConfig
 .text.HAL_RCC_GetSysClockFreq
                0x0000000008001c94       0xa8 ./Drivers/STM32F1xx_HAL_Driver/Src/stm32f1xx_hal_rcc.o
                0x0000000008001c94                HAL_RCC_GetSysClockFreq
 .text.HAL_RCC_GetHCLKFreq
                0x0000000008001d3c       0x14 ./Drivers/STM32F1xx_HAL_Driver/Src/stm32f1xx_hal_rcc.o
                0x0000000008001d3c                HAL_RCC_GetHCLKFreq
 .text.HAL_RCC_GetPCLK1Freq
                0x0000000008001d50       0x28 ./Drivers/STM32F1xx_HAL_Driver/Src/stm32f1xx_hal_rcc.o
                0x0000000008001d50                HAL_RCC_GetPCLK1Freq
 .text.HAL_RCC_GetPCLK2Freq
                0x0000000008001d78       0x28 ./Drivers/STM32F1xx_HAL_Driver/Src/stm32f1xx_hal_rcc.o
                0x0000000008001d78                HAL_RCC_GetPCLK2Freq
 .text.RCC_Delay
                0x0000000008001da0       0x3c ./Drivers/STM32F1xx_HAL_Driver/Src/stm32f1xx_hal_rcc.o
 .text.HAL_UART_Init
                0x0000000008001ddc       0xa0 ./Drivers/STM32F1xx_HAL_Driver/Src/stm32f1xx_hal_uart.o
                0x0000000008001ddc                HAL_UART_Init
 .text.HAL_UART_Transmit
                0x0000000008001e7c      0x106 ./Drivers/STM32F1xx_HAL_Driver/Src/stm32f1xx_hal_uart.o
                0x0000000008001e7c                HAL_UART_Transmit
 .text.HAL_UARTEx_ReceiveToIdle_DMA
                0x0000000008001f82       0xba ./Drivers/STM32F1xx_HAL_Driver/Src/stm32f1xx_hal_uart.o
                0x0000000008001f82                HAL_UARTEx_ReceiveToIdle_DMA
 .text.HAL_UART_RxCpltCallback
                0x000000000800203c       0x12 ./Drivers/STM32F1xx_HAL_Driver/Src/stm32f1xx_hal_uart.o
                0x000000000800203c                HAL_UART_RxCpltCallback
 .text.HAL_UART_RxHalfCpltCallback
                0x000000000800204e       0x12 ./Drivers/STM32F1xx_HAL_Driver/Src/stm32f1xx_hal_uart.o
                0x000000000800204e                HAL_UART_RxHalfCpltCallback
 .text.HAL_UART_ErrorCallback
                0x0000000008002060       0x12 ./Drivers/STM32F1xx_HAL_Driver/Src/stm32f1xx_hal_uart.o
                0x0000000008002060                HAL_UART_ErrorCallback
 .text.UART_DMAReceiveCplt
                0x0000000008002072      0x12c ./Drivers/STM32F1xx_HAL_Driver/Src/stm32f1xx_hal_uart.o
 .text.UART_DMARxHalfCplt
                0x000000000800219e       0x3c ./Drivers/STM32F1xx_HAL_Driver/Src/stm32f1xx_hal_uart.o
 .text.UART_DMAError
                0x00000000080021da       0x94 ./Drivers/STM32F1xx_HAL_Driver/Src/stm32f1xx_hal_uart.o
 .text.UART_WaitOnFlagUntilTimeout
                0x000000000800226e       0xdc ./Drivers/STM32F1xx_HAL_Driver/Src/stm32f1xx_hal_uart.o
 *fill*         0x000000000800234a        0x2 
 .text.UART_Start_Receive_DMA
                0x000000000800234c      0x134 ./Drivers/STM32F1xx_HAL_Driver/Src/stm32f1xx_hal_uart.o
                0x000000000800234c                UART_Start_Receive_DMA
 .text.UART_EndTxTransfer
                0x0000000008002480       0x4e ./Drivers/STM32F1xx_HAL_Driver/Src/stm32f1xx_hal_uart.o
 .text.UART_EndRxTransfer
                0x00000000080024ce       0xc4 ./Drivers/STM32F1xx_HAL_Driver/Src/stm32f1xx_hal_uart.o
 *fill*         0x0000000008002592        0x2 
 .text.UART_SetConfig
                0x0000000008002594      0x11c ./Drivers/STM32F1xx_HAL_Driver/Src/stm32f1xx_hal_uart.o
 .text.makeFreeRtosPriority
                0x00000000080026b0       0x2e ./Middlewares/Third_Party/FreeRTOS/Source/CMSIS_RTOS/cmsis_os.o
 .text.osKernelStart
                0x00000000080026de        0xe ./Middlewares/Third_Party/FreeRTOS/Source/CMSIS_RTOS/cmsis_os.o
                0x00000000080026de                osKernelStart
 .text.osThreadCreate
                0x00000000080026ec       0x98 ./Middlewares/Third_Party/FreeRTOS/Source/CMSIS_RTOS/cmsis_os.o
                0x00000000080026ec                osThreadCreate
 .text.osDelay  0x0000000008002784       0x28 ./Middlewares/Third_Party/FreeRTOS/Source/CMSIS_RTOS/cmsis_os.o
                0x0000000008002784                osDelay
 .text.osSemaphoreCreate
                0x00000000080027ac       0x64 ./Middlewares/Third_Party/FreeRTOS/Source/CMSIS_RTOS/cmsis_os.o
                0x00000000080027ac                osSemaphoreCreate
 .text.vListInitialise
                0x0000000008002810       0x3e ./Middlewares/Third_Party/FreeRTOS/Source/list.o
                0x0000000008002810                vListInitialise
 .text.vListInitialiseItem
                0x000000000800284e       0x18 ./Middlewares/Third_Party/FreeRTOS/Source/list.o
                0x000000000800284e                vListInitialiseItem
 .text.vListInsertEnd
                0x0000000008002866       0x46 ./Middlewares/Third_Party/FreeRTOS/Source/list.o
                0x0000000008002866                vListInsertEnd
 .text.vListInsert
                0x00000000080028ac       0x70 ./Middlewares/Third_Party/FreeRTOS/Source/list.o
                0x00000000080028ac                vListInsert
 .text.uxListRemove
                0x000000000800291c       0x52 ./Middlewares/Third_Party/FreeRTOS/Source/list.o
                0x000000000800291c                uxListRemove
 *fill*         0x000000000800296e        0x2 
 .text.xQueueGenericReset
                0x0000000008002970       0xd0 ./Middlewares/Third_Party/FreeRTOS/Source/queue.o
                0x0000000008002970                xQueueGenericReset
 .text.xQueueGenericCreateStatic
                0x0000000008002a40       0xee ./Middlewares/Third_Party/FreeRTOS/Source/queue.o
                0x0000000008002a40                xQueueGenericCreateStatic
 .text.xQueueGenericCreate
                0x0000000008002b2e       0x7c ./Middlewares/Third_Party/FreeRTOS/Source/queue.o
                0x0000000008002b2e                xQueueGenericCreate
 .text.prvInitialiseNewQueue
                0x0000000008002baa       0x3e ./Middlewares/Third_Party/FreeRTOS/Source/queue.o
 .text.xQueueGenericSend
                0x0000000008002be8      0x1fc ./Middlewares/Third_Party/FreeRTOS/Source/queue.o
                0x0000000008002be8                xQueueGenericSend
 .text.xQueueGiveFromISR
                0x0000000008002de4      0x11a ./Middlewares/Third_Party/FreeRTOS/Source/queue.o
                0x0000000008002de4                xQueueGiveFromISR
 *fill*         0x0000000008002efe        0x2 
 .text.xQueueReceive
                0x0000000008002f00      0x1c0 ./Middlewares/Third_Party/FreeRTOS/Source/queue.o
                0x0000000008002f00                xQueueReceive
 .text.xQueueSemaphoreTake
                0x00000000080030c0      0x218 ./Middlewares/Third_Party/FreeRTOS/Source/queue.o
                0x00000000080030c0                xQueueSemaphoreTake
 .text.uxQueueSpacesAvailable
                0x00000000080032d8       0x46 ./Middlewares/Third_Party/FreeRTOS/Source/queue.o
                0x00000000080032d8                uxQueueSpacesAvailable
 .text.prvGetDisinheritPriorityAfterTimeout
                0x000000000800331e       0x2e ./Middlewares/Third_Party/FreeRTOS/Source/queue.o
 .text.prvCopyDataToQueue
                0x000000000800334c       0xd4 ./Middlewares/Third_Party/FreeRTOS/Source/queue.o
 .text.prvCopyDataFromQueue
                0x0000000008003420       0x4c ./Middlewares/Third_Party/FreeRTOS/Source/queue.o
 .text.prvUnlockQueue
                0x000000000800346c       0xa4 ./Middlewares/Third_Party/FreeRTOS/Source/queue.o
 .text.prvIsQueueEmpty
                0x0000000008003510       0x2c ./Middlewares/Third_Party/FreeRTOS/Source/queue.o
 .text.prvIsQueueFull
                0x000000000800353c       0x30 ./Middlewares/Third_Party/FreeRTOS/Source/queue.o
 .text.xTaskCreateStatic
                0x000000000800356c       0xb8 ./Middlewares/Third_Party/FreeRTOS/Source/tasks.o
                0x000000000800356c                xTaskCreateStatic
 .text.xTaskCreate
                0x0000000008003624       0x8a ./Middlewares/Third_Party/FreeRTOS/Source/tasks.o
                0x0000000008003624                xTaskCreate
 *fill*         0x00000000080036ae        0x2 
 .text.prvInitialiseNewTask
                0x00000000080036b0      0x12c ./Middlewares/Third_Party/FreeRTOS/Source/tasks.o
 .text.prvAddNewTaskToReadyList
                0x00000000080037dc       0xd4 ./Middlewares/Third_Party/FreeRTOS/Source/tasks.o
 .text.vTaskDelay
                0x00000000080038b0       0x68 ./Middlewares/Third_Party/FreeRTOS/Source/tasks.o
                0x00000000080038b0                vTaskDelay
 .text.vTaskSuspend
                0x0000000008003918      0x124 ./Middlewares/Third_Party/FreeRTOS/Source/tasks.o
                0x0000000008003918                vTaskSuspend
 .text.prvTaskIsTaskSuspended
                0x0000000008003a3c       0x74 ./Middlewares/Third_Party/FreeRTOS/Source/tasks.o
 .text.vTaskResume
                0x0000000008003ab0       0xbc ./Middlewares/Third_Party/FreeRTOS/Source/tasks.o
                0x0000000008003ab0                vTaskResume
 .text.vTaskStartScheduler
                0x0000000008003b6c       0xd4 ./Middlewares/Third_Party/FreeRTOS/Source/tasks.o
                0x0000000008003b6c                vTaskStartScheduler
 .text.vTaskSuspendAll
                0x0000000008003c40       0x1c ./Middlewares/Third_Party/FreeRTOS/Source/tasks.o
                0x0000000008003c40                vTaskSuspendAll
 .text.xTaskResumeAll
                0x0000000008003c5c      0x138 ./Middlewares/Third_Party/FreeRTOS/Source/tasks.o
                0x0000000008003c5c                xTaskResumeAll
 .text.xTaskIncrementTick
                0x0000000008003d94      0x17c ./Middlewares/Third_Party/FreeRTOS/Source/tasks.o
                0x0000000008003d94                xTaskIncrementTick
 .text.vTaskSwitchContext
                0x0000000008003f10       0xc4 ./Middlewares/Third_Party/FreeRTOS/Source/tasks.o
                0x0000000008003f10                vTaskSwitchContext
 .text.vTaskPlaceOnEventList
                0x0000000008003fd4       0x48 ./Middlewares/Third_Party/FreeRTOS/Source/tasks.o
                0x0000000008003fd4                vTaskPlaceOnEventList
 .text.xTaskRemoveFromEventList
                0x000000000800401c       0xc4 ./Middlewares/Third_Party/FreeRTOS/Source/tasks.o
                0x000000000800401c                xTaskRemoveFromEventList
 .text.vTaskInternalSetTimeOutState
                0x00000000080040e0       0x2c ./Middlewares/Third_Party/FreeRTOS/Source/tasks.o
                0x00000000080040e0                vTaskInternalSetTimeOutState
 .text.xTaskCheckForTimeOut
                0x000000000800410c       0xc4 ./Middlewares/Third_Party/FreeRTOS/Source/tasks.o
                0x000000000800410c                xTaskCheckForTimeOut
 .text.vTaskMissedYield
                0x00000000080041d0       0x18 ./Middlewares/Third_Party/FreeRTOS/Source/tasks.o
                0x00000000080041d0                vTaskMissedYield
 .text.prvIdleTask
                0x00000000080041e8       0x30 ./Middlewares/Third_Party/FreeRTOS/Source/tasks.o
 .text.prvInitialiseTaskLists
                0x0000000008004218       0x80 ./Middlewares/Third_Party/FreeRTOS/Source/tasks.o
 .text.prvCheckTasksWaitingTermination
                0x0000000008004298       0x5c ./Middlewares/Third_Party/FreeRTOS/Source/tasks.o
 .text.prvDeleteTCB
                0x00000000080042f4       0x68 ./Middlewares/Third_Party/FreeRTOS/Source/tasks.o
 .text.prvResetNextTaskUnblockTime
                0x000000000800435c       0x48 ./Middlewares/Third_Party/FreeRTOS/Source/tasks.o
 .text.xTaskGetSchedulerState
                0x00000000080043a4       0x3c ./Middlewares/Third_Party/FreeRTOS/Source/tasks.o
                0x00000000080043a4                xTaskGetSchedulerState
 .text.xTaskPriorityInherit
                0x00000000080043e0      0x10c ./Middlewares/Third_Party/FreeRTOS/Source/tasks.o
                0x00000000080043e0                xTaskPriorityInherit
 .text.xTaskPriorityDisinherit
                0x00000000080044ec      0x10c ./Middlewares/Third_Party/FreeRTOS/Source/tasks.o
                0x00000000080044ec                xTaskPriorityDisinherit
 .text.vTaskPriorityDisinheritAfterTimeout
                0x00000000080045f8      0x140 ./Middlewares/Third_Party/FreeRTOS/Source/tasks.o
                0x00000000080045f8                vTaskPriorityDisinheritAfterTimeout
 .text.pvTaskIncrementMutexHeldCount
                0x0000000008004738       0x28 ./Middlewares/Third_Party/FreeRTOS/Source/tasks.o
                0x0000000008004738                pvTaskIncrementMutexHeldCount
 .text.prvAddCurrentTaskToDelayedList
                0x0000000008004760       0xcc ./Middlewares/Third_Party/FreeRTOS/Source/tasks.o
 .text.pxPortInitialiseStack
                0x000000000800482c       0x58 ./Middlewares/Third_Party/FreeRTOS/Source/portable/GCC/ARM_CM3/port.o
                0x000000000800482c                pxPortInitialiseStack
 .text.prvTaskExitError
                0x0000000008004884       0x58 ./Middlewares/Third_Party/FreeRTOS/Source/portable/GCC/ARM_CM3/port.o
 *fill*         0x00000000080048dc        0x4 
 .text.SVC_Handler
                0x00000000080048e0       0x28 ./Middlewares/Third_Party/FreeRTOS/Source/portable/GCC/ARM_CM3/port.o
                0x00000000080048e0                SVC_Handler
 .text.prvPortStartFirstTask
                0x0000000008004908       0x20 ./Middlewares/Third_Party/FreeRTOS/Source/portable/GCC/ARM_CM3/port.o
 .text.xPortStartScheduler
                0x0000000008004928       0xe4 ./Middlewares/Third_Party/FreeRTOS/Source/portable/GCC/ARM_CM3/port.o
                0x0000000008004928                xPortStartScheduler
 .text.vPortEnterCritical
                0x0000000008004a0c       0x60 ./Middlewares/Third_Party/FreeRTOS/Source/portable/GCC/ARM_CM3/port.o
                0x0000000008004a0c                vPortEnterCritical
 .text.vPortExitCritical
                0x0000000008004a6c       0x50 ./Middlewares/Third_Party/FreeRTOS/Source/portable/GCC/ARM_CM3/port.o
                0x0000000008004a6c                vPortExitCritical
 *fill*         0x0000000008004abc        0x4 
 .text.PendSV_Handler
                0x0000000008004ac0       0x48 ./Middlewares/Third_Party/FreeRTOS/Source/portable/GCC/ARM_CM3/port.o
                0x0000000008004ac0                PendSV_Handler
 .text.xPortSysTickHandler
                0x0000000008004b08       0x44 ./Middlewares/Third_Party/FreeRTOS/Source/portable/GCC/ARM_CM3/port.o
                0x0000000008004b08                xPortSysTickHandler
 .text.vPortSetupTimerInterrupt
                0x0000000008004b4c       0x44 ./Middlewares/Third_Party/FreeRTOS/Source/portable/GCC/ARM_CM3/port.o
                0x0000000008004b4c                vPortSetupTimerInterrupt
 .text.vPortValidateInterruptPriority
                0x0000000008004b90       0x7c ./Middlewares/Third_Party/FreeRTOS/Source/portable/GCC/ARM_CM3/port.o
                0x0000000008004b90                vPortValidateInterruptPriority
 .text.pvPortMalloc
                0x0000000008004c0c      0x188 ./Middlewares/Third_Party/FreeRTOS/Source/portable/MemMang/heap_4.o
                0x0000000008004c0c                pvPortMalloc
 .text.vPortFree
                0x0000000008004d94       0xb4 ./Middlewares/Third_Party/FreeRTOS/Source/portable/MemMang/heap_4.o
                0x0000000008004d94                vPortFree
 .text.prvHeapInit
                0x0000000008004e48       0xc4 ./Middlewares/Third_Party/FreeRTOS/Source/portable/MemMang/heap_4.o
 .text.prvInsertBlockIntoFreeList
                0x0000000008004f0c       0xb0 ./Middlewares/Third_Party/FreeRTOS/Source/portable/MemMang/heap_4.o
 .text.__libc_init_array
                0x0000000008004fbc       0x48 /opt/st/stm32cubeide_1.12.1_2/plugins/com.st.stm32cube.ide.mcu.externaltools.gnu-tools-for-stm32.10.3-2021.10.linux64_1.0.200.202301161003/tools/bin/../lib/gcc/arm-none-eabi/10.3.1/../../../../arm-none-eabi/lib/thumb/v7-m/nofp/libc_nano.a(lib_a-init.o)
                0x0000000008004fbc                __libc_init_array
 .text.__retarget_lock_acquire_recursive
                0x0000000008005004        0x2 /opt/st/stm32cubeide_1.12.1_2/plugins/com.st.stm32cube.ide.mcu.externaltools.gnu-tools-for-stm32.10.3-2021.10.linux64_1.0.200.202301161003/tools/bin/../lib/gcc/arm-none-eabi/10.3.1/../../../../arm-none-eabi/lib/thumb/v7-m/nofp/libc_nano.a(lib_a-lock.o)
                0x0000000008005004                __retarget_lock_acquire_recursive
 .text.__retarget_lock_release_recursive
                0x0000000008005006        0x2 /opt/st/stm32cubeide_1.12.1_2/plugins/com.st.stm32cube.ide.mcu.externaltools.gnu-tools-for-stm32.10.3-2021.10.linux64_1.0.200.202301161003/tools/bin/../lib/gcc/arm-none-eabi/10.3.1/../../../../arm-none-eabi/lib/thumb/v7-m/nofp/libc_nano.a(lib_a-lock.o)
                0x0000000008005006                __retarget_lock_release_recursive
 .text.memcpy   0x0000000008005008       0x1c /opt/st/stm32cubeide_1.12.1_2/plugins/com.st.stm32cube.ide.mcu.externaltools.gnu-tools-for-stm32.10.3-2021.10.linux64_1.0.200.202301161003/tools/bin/../lib/gcc/arm-none-eabi/10.3.1/../../../../arm-none-eabi/lib/thumb/v7-m/nofp/libc_nano.a(lib_a-memcpy-stub.o)
                0x0000000008005008                memcpy
 .text.memset   0x0000000008005024       0x10 /opt/st/stm32cubeide_1.12.1_2/plugins/com.st.stm32cube.ide.mcu.externaltools.gnu-tools-for-stm32.10.3-2021.10.linux64_1.0.200.202301161003/tools/bin/../lib/gcc/arm-none-eabi/10.3.1/../../../../arm-none-eabi/lib/thumb/v7-m/nofp/libc_nano.a(lib_a-memset.o)
                0x0000000008005024                memset
 .text.cleanup_glue
                0x0000000008005034       0x1a /opt/st/stm32cubeide_1.12.1_2/plugins/com.st.stm32cube.ide.mcu.externaltools.gnu-tools-for-stm32.10.3-2021.10.linux64_1.0.200.202301161003/tools/bin/../lib/gcc/arm-none-eabi/10.3.1/../../../../arm-none-eabi/lib/thumb/v7-m/nofp/libc_nano.a(lib_a-reent.o)
                0x0000000008005034                cleanup_glue
 *fill*         0x000000000800504e        0x2 
 .text._reclaim_reent
                0x0000000008005050       0xb8 /opt/st/stm32cubeide_1.12.1_2/plugins/com.st.stm32cube.ide.mcu.externaltools.gnu-tools-for-stm32.10.3-2021.10.linux64_1.0.200.202301161003/tools/bin/../lib/gcc/arm-none-eabi/10.3.1/../../../../arm-none-eabi/lib/thumb/v7-m/nofp/libc_nano.a(lib_a-reent.o)
                0x0000000008005050                _reclaim_reent
 .text.__malloc_lock
                0x0000000008005108        0xc /opt/st/stm32cubeide_1.12.1_2/plugins/com.st.stm32cube.ide.mcu.externaltools.gnu-tools-for-stm32.10.3-2021.10.linux64_1.0.200.202301161003/tools/bin/../lib/gcc/arm-none-eabi/10.3.1/../../../../arm-none-eabi/lib/thumb/v7-m/nofp/libc_nano.a(lib_a-mlock.o)
                0x0000000008005108                __malloc_lock
 .text.__malloc_unlock
                0x0000000008005114        0xc /opt/st/stm32cubeide_1.12.1_2/plugins/com.st.stm32cube.ide.mcu.externaltools.gnu-tools-for-stm32.10.3-2021.10.linux64_1.0.200.202301161003/tools/bin/../lib/gcc/arm-none-eabi/10.3.1/../../../../arm-none-eabi/lib/thumb/v7-m/nofp/libc_nano.a(lib_a-mlock.o)
                0x0000000008005114                __malloc_unlock
 .text._free_r  0x0000000008005120       0x90 /opt/st/stm32cubeide_1.12.1_2/plugins/com.st.stm32cube.ide.mcu.externaltools.gnu-tools-for-stm32.10.3-2021.10.linux64_1.0.200.202301161003/tools/bin/../lib/gcc/arm-none-eabi/10.3.1/../../../../arm-none-eabi/lib/thumb/v7-m/nofp/libc_nano.a(lib_a-nano-freer.o)
                0x0000000008005120                _free_r
 *(.glue_7)
 .glue_7        0x00000000080051b0        0x0 linker stubs
 *(.glue_7t)
 .glue_7t       0x00000000080051b0        0x0 linker stubs
 *(.eh_frame)
 .eh_frame      0x00000000080051b0        0x0 /opt/st/stm32cubeide_1.12.1_2/plugins/com.st.stm32cube.ide.mcu.externaltools.gnu-tools-for-stm32.10.3-2021.10.linux64_1.0.200.202301161003/tools/bin/../lib/gcc/arm-none-eabi/10.3.1/thumb/v7-m/nofp/crtbegin.o
 *(.init)
 .init          0x00000000080051b0        0x4 /opt/st/stm32cubeide_1.12.1_2/plugins/com.st.stm32cube.ide.mcu.externaltools.gnu-tools-for-stm32.10.3-2021.10.linux64_1.0.200.202301161003/tools/bin/../lib/gcc/arm-none-eabi/10.3.1/thumb/v7-m/nofp/crti.o
                0x00000000080051b0                _init
 .init          0x00000000080051b4        0x8 /opt/st/stm32cubeide_1.12.1_2/plugins/com.st.stm32cube.ide.mcu.externaltools.gnu-tools-for-stm32.10.3-2021.10.linux64_1.0.200.202301161003/tools/bin/../lib/gcc/arm-none-eabi/10.3.1/thumb/v7-m/nofp/crtn.o
 *(.fini)
 .fini          0x00000000080051bc        0x4 /opt/st/stm32cubeide_1.12.1_2/plugins/com.st.stm32cube.ide.mcu.externaltools.gnu-tools-for-stm32.10.3-2021.10.linux64_1.0.200.202301161003/tools/bin/../lib/gcc/arm-none-eabi/10.3.1/thumb/v7-m/nofp/crti.o
                0x00000000080051bc                _fini
 .fini          0x00000000080051c0        0x8 /opt/st/stm32cubeide_1.12.1_2/plugins/com.st.stm32cube.ide.mcu.externaltools.gnu-tools-for-stm32.10.3-2021.10.linux64_1.0.200.202301161003/tools/bin/../lib/gcc/arm-none-eabi/10.3.1/thumb/v7-m/nofp/crtn.o
                0x00000000080051c8                . = ALIGN (0x4)
                0x00000000080051c8                _etext = .

.vfp11_veneer   0x00000000080051c8        0x0
 .vfp11_veneer  0x00000000080051c8        0x0 linker stubs

.v4_bx          0x00000000080051c8        0x0
 .v4_bx         0x00000000080051c8        0x0 linker stubs

.iplt           0x00000000080051c8        0x0
 .iplt          0x00000000080051c8        0x0 /opt/st/stm32cubeide_1.12.1_2/plugins/com.st.stm32cube.ide.mcu.externaltools.gnu-tools-for-stm32.10.3-2021.10.linux64_1.0.200.202301161003/tools/bin/../lib/gcc/arm-none-eabi/10.3.1/thumb/v7-m/nofp/crtbegin.o

.rodata         0x00000000080051c8      0x10c
                0x00000000080051c8                . = ALIGN (0x4)
 *(.rodata)
 .rodata        0x00000000080051c8       0x78 ./Core/Src/main.o
 .rodata        0x0000000008005240        0x5 ./Middlewares/Third_Party/FreeRTOS/Source/tasks.o
 *(.rodata*)
 *fill*         0x0000000008005245        0x3 
 .rodata.AHBPrescTable
                0x0000000008005248       0x10 ./Core/Src/system_stm32f1xx.o
                0x0000000008005248                AHBPrescTable
 .rodata.APBPrescTable
                0x0000000008005258        0x8 ./Core/Src/system_stm32f1xx.o
                0x0000000008005258                APBPrescTable
 .rodata.aPLLMULFactorTable.1
                0x0000000008005260       0x10 ./Drivers/STM32F1xx_HAL_Driver/Src/stm32f1xx_hal_rcc.o
 .rodata.aPredivFactorTable.0
                0x0000000008005270        0x2 ./Drivers/STM32F1xx_HAL_Driver/Src/stm32f1xx_hal_rcc.o
 *fill*         0x0000000008005272        0x2 
 .rodata.__sf_fake_stderr
                0x0000000008005274       0x20 /opt/st/stm32cubeide_1.12.1_2/plugins/com.st.stm32cube.ide.mcu.externaltools.gnu-tools-for-stm32.10.3-2021.10.linux64_1.0.200.202301161003/tools/bin/../lib/gcc/arm-none-eabi/10.3.1/../../../../arm-none-eabi/lib/thumb/v7-m/nofp/libc_nano.a(lib_a-findfp.o)
                0x0000000008005274                __sf_fake_stderr
 .rodata.__sf_fake_stdin
                0x0000000008005294       0x20 /opt/st/stm32cubeide_1.12.1_2/plugins/com.st.stm32cube.ide.mcu.externaltools.gnu-tools-for-stm32.10.3-2021.10.linux64_1.0.200.202301161003/tools/bin/../lib/gcc/arm-none-eabi/10.3.1/../../../../arm-none-eabi/lib/thumb/v7-m/nofp/libc_nano.a(lib_a-findfp.o)
                0x0000000008005294                __sf_fake_stdin
 .rodata.__sf_fake_stdout
                0x00000000080052b4       0x20 /opt/st/stm32cubeide_1.12.1_2/plugins/com.st.stm32cube.ide.mcu.externaltools.gnu-tools-for-stm32.10.3-2021.10.linux64_1.0.200.202301161003/tools/bin/../lib/gcc/arm-none-eabi/10.3.1/../../../../arm-none-eabi/lib/thumb/v7-m/nofp/libc_nano.a(lib_a-findfp.o)
                0x00000000080052b4                __sf_fake_stdout
                0x00000000080052d4                . = ALIGN (0x4)

.rel.dyn        0x00000000080052d4        0x0
 .rel.iplt      0x00000000080052d4        0x0 /opt/st/stm32cubeide_1.12.1_2/plugins/com.st.stm32cube.ide.mcu.externaltools.gnu-tools-for-stm32.10.3-2021.10.linux64_1.0.200.202301161003/tools/bin/../lib/gcc/arm-none-eabi/10.3.1/thumb/v7-m/nofp/crtbegin.o

.ARM.extab      0x00000000080052d4        0x0
                0x00000000080052d4                . = ALIGN (0x4)
 *(.ARM.extab* .gnu.linkonce.armextab.*)
                0x00000000080052d4                . = ALIGN (0x4)

.ARM            0x00000000080052d4        0x0
                0x00000000080052d4                . = ALIGN (0x4)
                0x00000000080052d4                __exidx_start = .
 *(.ARM.exidx*)
                0x00000000080052d4                __exidx_end = .
                0x00000000080052d4                . = ALIGN (0x4)

.preinit_array  0x00000000080052d4        0x0
                0x00000000080052d4                . = ALIGN (0x4)
                0x00000000080052d4                PROVIDE (__preinit_array_start = .)
 *(.preinit_array*)
                0x00000000080052d4                PROVIDE (__preinit_array_end = .)
                0x00000000080052d4                . = ALIGN (0x4)

.init_array     0x00000000080052d4        0x4
                0x00000000080052d4                . = ALIGN (0x4)
                0x00000000080052d4                PROVIDE (__init_array_start = .)
 *(SORT_BY_NAME(.init_array.*))
 *(.init_array*)
 .init_array    0x00000000080052d4        0x4 /opt/st/stm32cubeide_1.12.1_2/plugins/com.st.stm32cube.ide.mcu.externaltools.gnu-tools-for-stm32.10.3-2021.10.linux64_1.0.200.202301161003/tools/bin/../lib/gcc/arm-none-eabi/10.3.1/thumb/v7-m/nofp/crtbegin.o
                0x00000000080052d8                PROVIDE (__init_array_end = .)
                0x00000000080052d8                . = ALIGN (0x4)

.fini_array     0x00000000080052d8        0x4
                0x00000000080052d8                . = ALIGN (0x4)
                [!provide]                        PROVIDE (__fini_array_start = .)
 *(SORT_BY_NAME(.fini_array.*))
 *(.fini_array*)
 .fini_array    0x00000000080052d8        0x4 /opt/st/stm32cubeide_1.12.1_2/plugins/com.st.stm32cube.ide.mcu.externaltools.gnu-tools-for-stm32.10.3-2021.10.linux64_1.0.200.202301161003/tools/bin/../lib/gcc/arm-none-eabi/10.3.1/thumb/v7-m/nofp/crtbegin.o
                [!provide]                        PROVIDE (__fini_array_end = .)
                0x00000000080052dc                . = ALIGN (0x4)
                0x00000000080052dc                _sidata = LOADADDR (.data)

.data           0x0000000020000000       0x78 load address 0x00000000080052dc
                0x0000000020000000                . = ALIGN (0x4)
                0x0000000020000000                _sdata = .
 *(.data)
 *(.data*)
 .data.state    0x0000000020000000        0x1 ./Core/Src/main.o
                0x0000000020000000                state
 *fill*         0x0000000020000001        0x3 
 .data.SystemCoreClock
                0x0000000020000004        0x4 ./Core/Src/system_stm32f1xx.o
                0x0000000020000004                SystemCoreClock
 .data.uwTickPrio
                0x0000000020000008        0x4 ./Drivers/STM32F1xx_HAL_Driver/Src/stm32f1xx_hal.o
                0x0000000020000008                uwTickPrio
 .data.uwTickFreq
                0x000000002000000c        0x1 ./Drivers/STM32F1xx_HAL_Driver/Src/stm32f1xx_hal.o
                0x000000002000000c                uwTickFreq
 *fill*         0x000000002000000d        0x3 
 .data.uxCriticalNesting
                0x0000000020000010        0x4 ./Middlewares/Third_Party/FreeRTOS/Source/portable/GCC/ARM_CM3/port.o
 .data._impure_ptr
                0x0000000020000014        0x4 /opt/st/stm32cubeide_1.12.1_2/plugins/com.st.stm32cube.ide.mcu.externaltools.gnu-tools-for-stm32.10.3-2021.10.linux64_1.0.200.202301161003/tools/bin/../lib/gcc/arm-none-eabi/10.3.1/../../../../arm-none-eabi/lib/thumb/v7-m/nofp/libc_nano.a(lib_a-impure.o)
                0x0000000020000014                _impure_ptr
 .data.impure_data
                0x0000000020000018       0x60 /opt/st/stm32cubeide_1.12.1_2/plugins/com.st.stm32cube.ide.mcu.externaltools.gnu-tools-for-stm32.10.3-2021.10.linux64_1.0.200.202301161003/tools/bin/../lib/gcc/arm-none-eabi/10.3.1/../../../../arm-none-eabi/lib/thumb/v7-m/nofp/libc_nano.a(lib_a-impure.o)
 *(.RamFunc)
 *(.RamFunc*)
                0x0000000020000078                . = ALIGN (0x4)
                0x0000000020000078                _edata = .

.igot.plt       0x0000000020000078        0x0 load address 0x0000000008005354
 .igot.plt      0x0000000020000078        0x0 /opt/st/stm32cubeide_1.12.1_2/plugins/com.st.stm32cube.ide.mcu.externaltools.gnu-tools-for-stm32.10.3-2021.10.linux64_1.0.200.202301161003/tools/bin/../lib/gcc/arm-none-eabi/10.3.1/thumb/v7-m/nofp/crtbegin.o
                0x0000000020000078                . = ALIGN (0x4)

.bss            0x0000000020000078     0x1990 load address 0x0000000008005354
                0x0000000020000078                _sbss = .
                0x0000000020000078                __bss_start__ = _sbss
 *(.bss)
 .bss           0x0000000020000078       0x1c /opt/st/stm32cubeide_1.12.1_2/plugins/com.st.stm32cube.ide.mcu.externaltools.gnu-tools-for-stm32.10.3-2021.10.linux64_1.0.200.202301161003/tools/bin/../lib/gcc/arm-none-eabi/10.3.1/thumb/v7-m/nofp/crtbegin.o
 *(.bss*)
 .bss.xIdleTaskTCBBuffer
                0x0000000020000094       0xb4 ./Core/Src/freertos.o
 .bss.xIdleStack
                0x0000000020000148      0x200 ./Core/Src/freertos.o
 .bss.f_recei_1
                0x0000000020000348       0x32 ./Core/Src/main.o
                0x0000000020000348                f_recei_1
 *fill*         0x000000002000037a        0x2 
 .bss.f_recei_2
                0x000000002000037c       0x32 ./Core/Src/main.o
                0x000000002000037c                f_recei_2
 *fill*         0x00000000200003ae        0x2 
 .bss.huart1    0x00000000200003b0       0x48 ./Core/Src/main.o
                0x00000000200003b0                huart1
 .bss.huart2    0x00000000200003f8       0x48 ./Core/Src/main.o
                0x00000000200003f8                huart2
 .bss.huart3    0x0000000020000440       0x48 ./Core/Src/main.o
                0x0000000020000440                huart3
 .bss.hdma_usart1_rx
                0x0000000020000488       0x44 ./Core/Src/main.o
                0x0000000020000488                hdma_usart1_rx
 .bss.hdma_usart2_rx
                0x00000000200004cc       0x44 ./Core/Src/main.o
                0x00000000200004cc                hdma_usart2_rx
 .bss.defaultTaskHandle
                0x0000000020000510        0x4 ./Core/Src/main.o
                0x0000000020000510                defaultTaskHandle
 .bss.myTask02Handle
                0x0000000020000514        0x4 ./Core/Src/main.o
                0x0000000020000514                myTask02Handle
 .bss.myTask03Handle
                0x0000000020000518        0x4 ./Core/Src/main.o
                0x0000000020000518                myTask03Handle
 .bss.myQueue01Handle
                0x000000002000051c        0x4 ./Core/Src/main.o
                0x000000002000051c                myQueue01Handle
 .bss.myBinarySem01Handle
                0x0000000020000520        0x4 ./Core/Src/main.o
                0x0000000020000520                myBinarySem01Handle
 .bss.myBinarySem02Handle
                0x0000000020000524        0x4 ./Core/Src/main.o
                0x0000000020000524                myBinarySem02Handle
 .bss.uwTick    0x0000000020000528        0x4 ./Drivers/STM32F1xx_HAL_Driver/Src/stm32f1xx_hal.o
                0x0000000020000528                uwTick
 .bss.pxCurrentTCB
                0x000000002000052c        0x4 ./Middlewares/Third_Party/FreeRTOS/Source/tasks.o
                0x000000002000052c                pxCurrentTCB
 .bss.pxReadyTasksLists
                0x0000000020000530       0x8c ./Middlewares/Third_Party/FreeRTOS/Source/tasks.o
 .bss.xDelayedTaskList1
                0x00000000200005bc       0x14 ./Middlewares/Third_Party/FreeRTOS/Source/tasks.o
 .bss.xDelayedTaskList2
                0x00000000200005d0       0x14 ./Middlewares/Third_Party/FreeRTOS/Source/tasks.o
 .bss.pxDelayedTaskList
                0x00000000200005e4        0x4 ./Middlewares/Third_Party/FreeRTOS/Source/tasks.o
 .bss.pxOverflowDelayedTaskList
                0x00000000200005e8        0x4 ./Middlewares/Third_Party/FreeRTOS/Source/tasks.o
 .bss.xPendingReadyList
                0x00000000200005ec       0x14 ./Middlewares/Third_Party/FreeRTOS/Source/tasks.o
 .bss.xTasksWaitingTermination
                0x0000000020000600       0x14 ./Middlewares/Third_Party/FreeRTOS/Source/tasks.o
 .bss.uxDeletedTasksWaitingCleanUp
                0x0000000020000614        0x4 ./Middlewares/Third_Party/FreeRTOS/Source/tasks.o
 .bss.xSuspendedTaskList
                0x0000000020000618       0x14 ./Middlewares/Third_Party/FreeRTOS/Source/tasks.o
 .bss.uxCurrentNumberOfTasks
                0x000000002000062c        0x4 ./Middlewares/Third_Party/FreeRTOS/Source/tasks.o
 .bss.xTickCount
                0x0000000020000630        0x4 ./Middlewares/Third_Party/FreeRTOS/Source/tasks.o
 .bss.uxTopReadyPriority
                0x0000000020000634        0x4 ./Middlewares/Third_Party/FreeRTOS/Source/tasks.o
 .bss.xSchedulerRunning
                0x0000000020000638        0x4 ./Middlewares/Third_Party/FreeRTOS/Source/tasks.o
 .bss.uxPendedTicks
                0x000000002000063c        0x4 ./Middlewares/Third_Party/FreeRTOS/Source/tasks.o
 .bss.xYieldPending
                0x0000000020000640        0x4 ./Middlewares/Third_Party/FreeRTOS/Source/tasks.o
 .bss.xNumOfOverflows
                0x0000000020000644        0x4 ./Middlewares/Third_Party/FreeRTOS/Source/tasks.o
 .bss.uxTaskNumber
                0x0000000020000648        0x4 ./Middlewares/Third_Party/FreeRTOS/Source/tasks.o
 .bss.xNextTaskUnblockTime
                0x000000002000064c        0x4 ./Middlewares/Third_Party/FreeRTOS/Source/tasks.o
 .bss.xIdleTaskHandle
                0x0000000020000650        0x4 ./Middlewares/Third_Party/FreeRTOS/Source/tasks.o
 .bss.uxSchedulerSuspended
                0x0000000020000654        0x4 ./Middlewares/Third_Party/FreeRTOS/Source/tasks.o
 .bss.ucMaxSysCallPriority
                0x0000000020000658        0x1 ./Middlewares/Third_Party/FreeRTOS/Source/portable/GCC/ARM_CM3/port.o
 *fill*         0x0000000020000659        0x3 
 .bss.ulMaxPRIGROUPValue
                0x000000002000065c        0x4 ./Middlewares/Third_Party/FreeRTOS/Source/portable/GCC/ARM_CM3/port.o
 .bss.ucHeap    0x0000000020000660     0x1388 ./Middlewares/Third_Party/FreeRTOS/Source/portable/MemMang/heap_4.o
 .bss.xStart    0x00000000200019e8        0x8 ./Middlewares/Third_Party/FreeRTOS/Source/portable/MemMang/heap_4.o
 .bss.pxEnd     0x00000000200019f0        0x4 ./Middlewares/Third_Party/FreeRTOS/Source/portable/MemMang/heap_4.o
 .bss.xFreeBytesRemaining
                0x00000000200019f4        0x4 ./Middlewares/Third_Party/FreeRTOS/Source/portable/MemMang/heap_4.o
 .bss.xMinimumEverFreeBytesRemaining
                0x00000000200019f8        0x4 ./Middlewares/Third_Party/FreeRTOS/Source/portable/MemMang/heap_4.o
 .bss.xBlockAllocatedBit
                0x00000000200019fc        0x4 ./Middlewares/Third_Party/FreeRTOS/Source/portable/MemMang/heap_4.o
 .bss.__lock___malloc_recursive_mutex
                0x0000000020001a00        0x1 /opt/st/stm32cubeide_1.12.1_2/plugins/com.st.stm32cube.ide.mcu.externaltools.gnu-tools-for-stm32.10.3-2021.10.linux64_1.0.200.202301161003/tools/bin/../lib/gcc/arm-none-eabi/10.3.1/../../../../arm-none-eabi/lib/thumb/v7-m/nofp/libc_nano.a(lib_a-lock.o)
                0x0000000020001a00                __lock___malloc_recursive_mutex
 *fill*         0x0000000020001a01        0x3 
 .bss.__malloc_free_list
                0x0000000020001a04        0x4 /opt/st/stm32cubeide_1.12.1_2/plugins/com.st.stm32cube.ide.mcu.externaltools.gnu-tools-for-stm32.10.3-2021.10.linux64_1.0.200.202301161003/tools/bin/../lib/gcc/arm-none-eabi/10.3.1/../../../../arm-none-eabi/lib/thumb/v7-m/nofp/libc_nano.a(lib_a-nano-mallocr.o)
                0x0000000020001a04                __malloc_free_list
 *(COMMON)
                0x0000000020001a08                . = ALIGN (0x4)
                0x0000000020001a08                _ebss = .
                0x0000000020001a08                __bss_end__ = _ebss

._user_heap_stack
                0x0000000020001a08      0x600 load address 0x0000000008005354
                0x0000000020001a08                . = ALIGN (0x8)
                [!provide]                        PROVIDE (end = .)
                0x0000000020001a08                PROVIDE (_end = .)
                0x0000000020001c08                . = (. + _Min_Heap_Size)
 *fill*         0x0000000020001a08      0x200 
                0x0000000020002008                . = (. + _Min_Stack_Size)
 *fill*         0x0000000020001c08      0x400 
                0x0000000020002008                . = ALIGN (0x8)

/DISCARD/
 libc.a(*)
 libm.a(*)
 libgcc.a(*)

.ARM.attributes
                0x0000000000000000       0x29
 *(.ARM.attributes)
 .ARM.attributes
                0x0000000000000000       0x1d /opt/st/stm32cubeide_1.12.1_2/plugins/com.st.stm32cube.ide.mcu.externaltools.gnu-tools-for-stm32.10.3-2021.10.linux64_1.0.200.202301161003/tools/bin/../lib/gcc/arm-none-eabi/10.3.1/thumb/v7-m/nofp/crti.o
 .ARM.attributes
                0x000000000000001d       0x2d /opt/st/stm32cubeide_1.12.1_2/plugins/com.st.stm32cube.ide.mcu.externaltools.gnu-tools-for-stm32.10.3-2021.10.linux64_1.0.200.202301161003/tools/bin/../lib/gcc/arm-none-eabi/10.3.1/thumb/v7-m/nofp/crtbegin.o
 .ARM.attributes
                0x000000000000004a       0x2d ./Core/Src/freertos.o
 .ARM.attributes
                0x0000000000000077       0x2d ./Core/Src/main.o
 .ARM.attributes
                0x00000000000000a4       0x2d ./Core/Src/stm32f1xx_hal_msp.o
 .ARM.attributes
                0x00000000000000d1       0x2d ./Core/Src/stm32f1xx_it.o
 .ARM.attributes
                0x00000000000000fe       0x2d ./Core/Src/system_stm32f1xx.o
 .ARM.attributes
                0x000000000000012b       0x21 ./Core/Startup/startup_stm32f103c8tx.o
 .ARM.attributes
                0x000000000000014c       0x2d ./Drivers/STM32F1xx_HAL_Driver/Src/stm32f1xx_hal.o
 .ARM.attributes
                0x0000000000000179       0x2d ./Drivers/STM32F1xx_HAL_Driver/Src/stm32f1xx_hal_cortex.o
 .ARM.attributes
                0x00000000000001a6       0x2d ./Drivers/STM32F1xx_HAL_Driver/Src/stm32f1xx_hal_dma.o
 .ARM.attributes
                0x00000000000001d3       0x2d ./Drivers/STM32F1xx_HAL_Driver/Src/stm32f1xx_hal_gpio.o
 .ARM.attributes
                0x0000000000000200       0x2d ./Drivers/STM32F1xx_HAL_Driver/Src/stm32f1xx_hal_rcc.o
 .ARM.attributes
                0x000000000000022d       0x2d ./Drivers/STM32F1xx_HAL_Driver/Src/stm32f1xx_hal_uart.o
 .ARM.attributes
                0x000000000000025a       0x2d ./Middlewares/Third_Party/FreeRTOS/Source/CMSIS_RTOS/cmsis_os.o
 .ARM.attributes
                0x0000000000000287       0x2d ./Middlewares/Third_Party/FreeRTOS/Source/list.o
 .ARM.attributes
                0x00000000000002b4       0x2d ./Middlewares/Third_Party/FreeRTOS/Source/queue.o
 .ARM.attributes
                0x00000000000002e1       0x2d ./Middlewares/Third_Party/FreeRTOS/Source/tasks.o
 .ARM.attributes
                0x000000000000030e       0x2d ./Middlewares/Third_Party/FreeRTOS/Source/portable/GCC/ARM_CM3/port.o
 .ARM.attributes
                0x000000000000033b       0x2d ./Middlewares/Third_Party/FreeRTOS/Source/portable/MemMang/heap_4.o
 .ARM.attributes
                0x0000000000000368       0x2d /opt/st/stm32cubeide_1.12.1_2/plugins/com.st.stm32cube.ide.mcu.externaltools.gnu-tools-for-stm32.10.3-2021.10.linux64_1.0.200.202301161003/tools/bin/../lib/gcc/arm-none-eabi/10.3.1/../../../../arm-none-eabi/lib/thumb/v7-m/nofp/libc_nano.a(lib_a-findfp.o)
 .ARM.attributes
                0x0000000000000395       0x2d /opt/st/stm32cubeide_1.12.1_2/plugins/com.st.stm32cube.ide.mcu.externaltools.gnu-tools-for-stm32.10.3-2021.10.linux64_1.0.200.202301161003/tools/bin/../lib/gcc/arm-none-eabi/10.3.1/../../../../arm-none-eabi/lib/thumb/v7-m/nofp/libc_nano.a(lib_a-impure.o)
 .ARM.attributes
                0x00000000000003c2       0x2d /opt/st/stm32cubeide_1.12.1_2/plugins/com.st.stm32cube.ide.mcu.externaltools.gnu-tools-for-stm32.10.3-2021.10.linux64_1.0.200.202301161003/tools/bin/../lib/gcc/arm-none-eabi/10.3.1/../../../../arm-none-eabi/lib/thumb/v7-m/nofp/libc_nano.a(lib_a-init.o)
 .ARM.attributes
                0x00000000000003ef       0x2d /opt/st/stm32cubeide_1.12.1_2/plugins/com.st.stm32cube.ide.mcu.externaltools.gnu-tools-for-stm32.10.3-2021.10.linux64_1.0.200.202301161003/tools/bin/../lib/gcc/arm-none-eabi/10.3.1/../../../../arm-none-eabi/lib/thumb/v7-m/nofp/libc_nano.a(lib_a-lock.o)
 .ARM.attributes
                0x000000000000041c       0x2d /opt/st/stm32cubeide_1.12.1_2/plugins/com.st.stm32cube.ide.mcu.externaltools.gnu-tools-for-stm32.10.3-2021.10.linux64_1.0.200.202301161003/tools/bin/../lib/gcc/arm-none-eabi/10.3.1/../../../../arm-none-eabi/lib/thumb/v7-m/nofp/libc_nano.a(lib_a-memcpy-stub.o)
 .ARM.attributes
                0x0000000000000449       0x2d /opt/st/stm32cubeide_1.12.1_2/plugins/com.st.stm32cube.ide.mcu.externaltools.gnu-tools-for-stm32.10.3-2021.10.linux64_1.0.200.202301161003/tools/bin/../lib/gcc/arm-none-eabi/10.3.1/../../../../arm-none-eabi/lib/thumb/v7-m/nofp/libc_nano.a(lib_a-memset.o)
 .ARM.attributes
                0x0000000000000476       0x2d /opt/st/stm32cubeide_1.12.1_2/plugins/com.st.stm32cube.ide.mcu.externaltools.gnu-tools-for-stm32.10.3-2021.10.linux64_1.0.200.202301161003/tools/bin/../lib/gcc/arm-none-eabi/10.3.1/../../../../arm-none-eabi/lib/thumb/v7-m/nofp/libc_nano.a(lib_a-nano-mallocr.o)
 .ARM.attributes
                0x00000000000004a3       0x2d /opt/st/stm32cubeide_1.12.1_2/plugins/com.st.stm32cube.ide.mcu.externaltools.gnu-tools-for-stm32.10.3-2021.10.linux64_1.0.200.202301161003/tools/bin/../lib/gcc/arm-none-eabi/10.3.1/../../../../arm-none-eabi/lib/thumb/v7-m/nofp/libc_nano.a(lib_a-reent.o)
 .ARM.attributes
                0x00000000000004d0       0x2d /opt/st/stm32cubeide_1.12.1_2/plugins/com.st.stm32cube.ide.mcu.externaltools.gnu-tools-for-stm32.10.3-2021.10.linux64_1.0.200.202301161003/tools/bin/../lib/gcc/arm-none-eabi/10.3.1/../../../../arm-none-eabi/lib/thumb/v7-m/nofp/libc_nano.a(lib_a-mlock.o)
 .ARM.attributes
                0x00000000000004fd       0x2d /opt/st/stm32cubeide_1.12.1_2/plugins/com.st.stm32cube.ide.mcu.externaltools.gnu-tools-for-stm32.10.3-2021.10.linux64_1.0.200.202301161003/tools/bin/../lib/gcc/arm-none-eabi/10.3.1/../../../../arm-none-eabi/lib/thumb/v7-m/nofp/libc_nano.a(lib_a-nano-freer.o)
 .ARM.attributes
                0x000000000000052a       0x1d /opt/st/stm32cubeide_1.12.1_2/plugins/com.st.stm32cube.ide.mcu.externaltools.gnu-tools-for-stm32.10.3-2021.10.linux64_1.0.200.202301161003/tools/bin/../lib/gcc/arm-none-eabi/10.3.1/thumb/v7-m/nofp/crtn.o
OUTPUT(OS_Queue.elf elf32-littlearm)
LOAD linker stubs
LOAD /opt/st/stm32cubeide_1.12.1_2/plugins/com.st.stm32cube.ide.mcu.externaltools.gnu-tools-for-stm32.10.3-2021.10.linux64_1.0.200.202301161003/tools/bin/../lib/gcc/arm-none-eabi/10.3.1/../../../../arm-none-eabi/lib/thumb/v7-m/nofp/libc.a
LOAD /opt/st/stm32cubeide_1.12.1_2/plugins/com.st.stm32cube.ide.mcu.externaltools.gnu-tools-for-stm32.10.3-2021.10.linux64_1.0.200.202301161003/tools/bin/../lib/gcc/arm-none-eabi/10.3.1/../../../../arm-none-eabi/lib/thumb/v7-m/nofp/libm.a
LOAD /opt/st/stm32cubeide_1.12.1_2/plugins/com.st.stm32cube.ide.mcu.externaltools.gnu-tools-for-stm32.10.3-2021.10.linux64_1.0.200.202301161003/tools/bin/../lib/gcc/arm-none-eabi/10.3.1/thumb/v7-m/nofp/libgcc.a

.debug_info     0x0000000000000000     0xfc07
 .debug_info    0x0000000000000000      0x9b6 ./Core/Src/freertos.o
 .debug_info    0x00000000000009b6     0x1c7c ./Core/Src/main.o
 .debug_info    0x0000000000002632      0xa40 ./Core/Src/stm32f1xx_hal_msp.o
 .debug_info    0x0000000000003072      0x3c7 ./Core/Src/stm32f1xx_it.o
 .debug_info    0x0000000000003439      0x23d ./Core/Src/system_stm32f1xx.o
 .debug_info    0x0000000000003676       0x22 ./Core/Startup/startup_stm32f103c8tx.o
 .debug_info    0x0000000000003698      0x734 ./Drivers/STM32F1xx_HAL_Driver/Src/stm32f1xx_hal.o
 .debug_info    0x0000000000003dcc      0xb20 ./Drivers/STM32F1xx_HAL_Driver/Src/stm32f1xx_hal_cortex.o
 .debug_info    0x00000000000048ec      0x744 ./Drivers/STM32F1xx_HAL_Driver/Src/stm32f1xx_hal_dma.o
 .debug_info    0x0000000000005030      0x615 ./Drivers/STM32F1xx_HAL_Driver/Src/stm32f1xx_hal_gpio.o
 .debug_info    0x0000000000005645      0x865 ./Drivers/STM32F1xx_HAL_Driver/Src/stm32f1xx_hal_rcc.o
 .debug_info    0x0000000000005eaa     0x31b2 ./Drivers/STM32F1xx_HAL_Driver/Src/stm32f1xx_hal_uart.o
 .debug_info    0x000000000000905c     0x232c ./Middlewares/Third_Party/FreeRTOS/Source/CMSIS_RTOS/cmsis_os.o
 .debug_info    0x000000000000b388      0x2cb ./Middlewares/Third_Party/FreeRTOS/Source/list.o
 .debug_info    0x000000000000b653     0x182b ./Middlewares/Third_Party/FreeRTOS/Source/queue.o
 .debug_info    0x000000000000ce7e     0x24ea ./Middlewares/Third_Party/FreeRTOS/Source/tasks.o
 .debug_info    0x000000000000f368      0x4b7 ./Middlewares/Third_Party/FreeRTOS/Source/portable/GCC/ARM_CM3/port.o
 .debug_info    0x000000000000f81f      0x3e8 ./Middlewares/Third_Party/FreeRTOS/Source/portable/MemMang/heap_4.o

.debug_abbrev   0x0000000000000000     0x2835
 .debug_abbrev  0x0000000000000000      0x169 ./Core/Src/freertos.o
 .debug_abbrev  0x0000000000000169      0x320 ./Core/Src/main.o
 .debug_abbrev  0x0000000000000489      0x1e4 ./Core/Src/stm32f1xx_hal_msp.o
 .debug_abbrev  0x000000000000066d      0x187 ./Core/Src/stm32f1xx_it.o
 .debug_abbrev  0x00000000000007f4      0x13b ./Core/Src/system_stm32f1xx.o
 .debug_abbrev  0x000000000000092f       0x12 ./Core/Startup/startup_stm32f103c8tx.o
 .debug_abbrev  0x0000000000000941      0x1fb ./Drivers/STM32F1xx_HAL_Driver/Src/stm32f1xx_hal.o
 .debug_abbrev  0x0000000000000b3c      0x2ed ./Drivers/STM32F1xx_HAL_Driver/Src/stm32f1xx_hal_cortex.o
 .debug_abbrev  0x0000000000000e29      0x1fe ./Drivers/STM32F1xx_HAL_Driver/Src/stm32f1xx_hal_dma.o
 .debug_abbrev  0x0000000000001027      0x1bb ./Drivers/STM32F1xx_HAL_Driver/Src/stm32f1xx_hal_gpio.o
 .debug_abbrev  0x00000000000011e2      0x2a8 ./Drivers/STM32F1xx_HAL_Driver/Src/stm32f1xx_hal_rcc.o
 .debug_abbrev  0x000000000000148a      0x2df ./Drivers/STM32F1xx_HAL_Driver/Src/stm32f1xx_hal_uart.o
 .debug_abbrev  0x0000000000001769      0x406 ./Middlewares/Third_Party/FreeRTOS/Source/CMSIS_RTOS/cmsis_os.o
 .debug_abbrev  0x0000000000001b6f       0xf2 ./Middlewares/Third_Party/FreeRTOS/Source/list.o
 .debug_abbrev  0x0000000000001c61      0x3ba ./Middlewares/Third_Party/FreeRTOS/Source/queue.o
 .debug_abbrev  0x000000000000201b      0x3c4 ./Middlewares/Third_Party/FreeRTOS/Source/tasks.o
 .debug_abbrev  0x00000000000023df      0x257 ./Middlewares/Third_Party/FreeRTOS/Source/portable/GCC/ARM_CM3/port.o
 .debug_abbrev  0x0000000000002636      0x1ff ./Middlewares/Third_Party/FreeRTOS/Source/portable/MemMang/heap_4.o

.debug_aranges  0x0000000000000000      0xc60
 .debug_aranges
                0x0000000000000000       0x20 ./Core/Src/freertos.o
 .debug_aranges
                0x0000000000000020       0x80 ./Core/Src/main.o
 .debug_aranges
                0x00000000000000a0       0x30 ./Core/Src/stm32f1xx_hal_msp.o
 .debug_aranges
                0x00000000000000d0       0x60 ./Core/Src/stm32f1xx_it.o
 .debug_aranges
                0x0000000000000130       0x28 ./Core/Src/system_stm32f1xx.o
 .debug_aranges
                0x0000000000000158       0x28 ./Core/Startup/startup_stm32f103c8tx.o
 .debug_aranges
                0x0000000000000180       0xe0 ./Drivers/STM32F1xx_HAL_Driver/Src/stm32f1xx_hal.o
 .debug_aranges
                0x0000000000000260      0x100 ./Drivers/STM32F1xx_HAL_Driver/Src/stm32f1xx_hal_cortex.o
 .debug_aranges
                0x0000000000000360       0x80 ./Drivers/STM32F1xx_HAL_Driver/Src/stm32f1xx_hal_dma.o
 .debug_aranges
                0x00000000000003e0       0x58 ./Drivers/STM32F1xx_HAL_Driver/Src/stm32f1xx_hal_gpio.o
 .debug_aranges
                0x0000000000000438       0x90 ./Drivers/STM32F1xx_HAL_Driver/Src/stm32f1xx_hal_rcc.o
 .debug_aranges
                0x00000000000004c8      0x208 ./Drivers/STM32F1xx_HAL_Driver/Src/stm32f1xx_hal_uart.o
 .debug_aranges
                0x00000000000006d0      0x1d8 ./Middlewares/Third_Party/FreeRTOS/Source/CMSIS_RTOS/cmsis_os.o
 .debug_aranges
                0x00000000000008a8       0x40 ./Middlewares/Third_Party/FreeRTOS/Source/list.o
 .debug_aranges
                0x00000000000008e8      0x108 ./Middlewares/Third_Party/FreeRTOS/Source/queue.o
 .debug_aranges
                0x00000000000009f0      0x1a8 ./Middlewares/Third_Party/FreeRTOS/Source/tasks.o
 .debug_aranges
                0x0000000000000b98       0x78 ./Middlewares/Third_Party/FreeRTOS/Source/portable/GCC/ARM_CM3/port.o
 .debug_aranges
                0x0000000000000c10       0x50 ./Middlewares/Third_Party/FreeRTOS/Source/portable/MemMang/heap_4.o

.debug_ranges   0x0000000000000000      0xb78
 .debug_ranges  0x0000000000000000       0x10 ./Core/Src/freertos.o
 .debug_ranges  0x0000000000000010       0x70 ./Core/Src/main.o
 .debug_ranges  0x0000000000000080       0x20 ./Core/Src/stm32f1xx_hal_msp.o
 .debug_ranges  0x00000000000000a0       0x50 ./Core/Src/stm32f1xx_it.o
 .debug_ranges  0x00000000000000f0       0x18 ./Core/Src/system_stm32f1xx.o
 .debug_ranges  0x0000000000000108       0x20 ./Core/Startup/startup_stm32f103c8tx.o
 .debug_ranges  0x0000000000000128       0xd0 ./Drivers/STM32F1xx_HAL_Driver/Src/stm32f1xx_hal.o
 .debug_ranges  0x00000000000001f8       0xf0 ./Drivers/STM32F1xx_HAL_Driver/Src/stm32f1xx_hal_cortex.o
 .debug_ranges  0x00000000000002e8       0x70 ./Drivers/STM32F1xx_HAL_Driver/Src/stm32f1xx_hal_dma.o
 .debug_ranges  0x0000000000000358       0x48 ./Drivers/STM32F1xx_HAL_Driver/Src/stm32f1xx_hal_gpio.o
 .debug_ranges  0x00000000000003a0       0x80 ./Drivers/STM32F1xx_HAL_Driver/Src/stm32f1xx_hal_rcc.o
 .debug_ranges  0x0000000000000420      0x228 ./Drivers/STM32F1xx_HAL_Driver/Src/stm32f1xx_hal_uart.o
 .debug_ranges  0x0000000000000648      0x1c8 ./Middlewares/Third_Party/FreeRTOS/Source/CMSIS_RTOS/cmsis_os.o
 .debug_ranges  0x0000000000000810       0x30 ./Middlewares/Third_Party/FreeRTOS/Source/list.o
 .debug_ranges  0x0000000000000840       0xf8 ./Middlewares/Third_Party/FreeRTOS/Source/queue.o
 .debug_ranges  0x0000000000000938      0x198 ./Middlewares/Third_Party/FreeRTOS/Source/tasks.o
 .debug_ranges  0x0000000000000ad0       0x68 ./Middlewares/Third_Party/FreeRTOS/Source/portable/GCC/ARM_CM3/port.o
 .debug_ranges  0x0000000000000b38       0x40 ./Middlewares/Third_Party/FreeRTOS/Source/portable/MemMang/heap_4.o

.debug_macro    0x0000000000000000    0x181a0
 .debug_macro   0x0000000000000000      0x29d ./Core/Src/freertos.o
 .debug_macro   0x000000000000029d      0xa6c ./Core/Src/freertos.o
 .debug_macro   0x0000000000000d09      0x174 ./Core/Src/freertos.o
 .debug_macro   0x0000000000000e7d       0x22 ./Core/Src/freertos.o
 .debug_macro   0x0000000000000e9f       0x8e ./Core/Src/freertos.o
 .debug_macro   0x0000000000000f2d       0x51 ./Core/Src/freertos.o
 .debug_macro   0x0000000000000f7e      0x103 ./Core/Src/freertos.o
 .debug_macro   0x0000000000001081       0x6a ./Core/Src/freertos.o
 .debug_macro   0x00000000000010eb      0x1df ./Core/Src/freertos.o
 .debug_macro   0x00000000000012ca       0xd6 ./Core/Src/freertos.o
 .debug_macro   0x00000000000013a0      0x15a ./Core/Src/freertos.o
 .debug_macro   0x00000000000014fa       0xd7 ./Core/Src/freertos.o
 .debug_macro   0x00000000000015d1       0x10 ./Core/Src/freertos.o
 .debug_macro   0x00000000000015e1       0x1f ./Core/Src/freertos.o
 .debug_macro   0x0000000000001600       0x52 ./Core/Src/freertos.o
 .debug_macro   0x0000000000001652       0x18 ./Core/Src/freertos.o
 .debug_macro   0x000000000000166a       0x3c ./Core/Src/freertos.o
 .debug_macro   0x00000000000016a6       0x34 ./Core/Src/freertos.o
 .debug_macro   0x00000000000016da       0x16 ./Core/Src/freertos.o
 .debug_macro   0x00000000000016f0       0x43 ./Core/Src/freertos.o
 .debug_macro   0x0000000000001733       0x34 ./Core/Src/freertos.o
 .debug_macro   0x0000000000001767       0x10 ./Core/Src/freertos.o
 .debug_macro   0x0000000000001777       0x58 ./Core/Src/freertos.o
 .debug_macro   0x00000000000017cf       0x71 ./Core/Src/freertos.o
 .debug_macro   0x0000000000001840       0x1c ./Core/Src/freertos.o
 .debug_macro   0x000000000000185c      0x12a ./Core/Src/freertos.o
 .debug_macro   0x0000000000001986       0x10 ./Core/Src/freertos.o
 .debug_macro   0x0000000000001996       0x35 ./Core/Src/freertos.o
 .debug_macro   0x00000000000019cb      0x4b1 ./Core/Src/freertos.o
 .debug_macro   0x0000000000001e7c       0xb5 ./Core/Src/freertos.o
 .debug_macro   0x0000000000001f31       0x8c ./Core/Src/freertos.o
 .debug_macro   0x0000000000001fbd      0x21b ./Core/Src/freertos.o
 .debug_macro   0x00000000000021d8       0x2e ./Core/Src/freertos.o
 .debug_macro   0x0000000000002206       0x22 ./Core/Src/freertos.o
 .debug_macro   0x0000000000002228       0x1c ./Core/Src/freertos.o
 .debug_macro   0x0000000000002244       0x22 ./Core/Src/freertos.o
 .debug_macro   0x0000000000002266       0xbd ./Core/Src/freertos.o
 .debug_macro   0x0000000000002323      0xd23 ./Core/Src/freertos.o
 .debug_macro   0x0000000000003046     0xe09e ./Core/Src/freertos.o
 .debug_macro   0x00000000000110e4       0x6d ./Core/Src/freertos.o
 .debug_macro   0x0000000000011151     0x348d ./Core/Src/freertos.o
 .debug_macro   0x00000000000145de       0x5c ./Core/Src/freertos.o
 .debug_macro   0x000000000001463a      0x5bc ./Core/Src/freertos.o
 .debug_macro   0x0000000000014bf6      0x289 ./Core/Src/freertos.o
 .debug_macro   0x0000000000014e7f      0x1cb ./Core/Src/freertos.o
 .debug_macro   0x000000000001504a      0x114 ./Core/Src/freertos.o
 .debug_macro   0x000000000001515e      0x1b2 ./Core/Src/freertos.o
 .debug_macro   0x0000000000015310       0x27 ./Core/Src/freertos.o
 .debug_macro   0x0000000000015337      0x136 ./Core/Src/freertos.o
 .debug_macro   0x000000000001546d      0x1bc ./Core/Src/freertos.o
 .debug_macro   0x0000000000015629       0x34 ./Core/Src/freertos.o
 .debug_macro   0x000000000001565d       0x3c ./Core/Src/freertos.o
 .debug_macro   0x0000000000015699       0x57 ./Core/Src/freertos.o
 .debug_macro   0x00000000000156f0       0x87 ./Core/Src/freertos.o
 .debug_macro   0x0000000000015777      0x240 ./Core/Src/freertos.o
 .debug_macro   0x00000000000159b7      0x140 ./Core/Src/freertos.o
 .debug_macro   0x0000000000015af7      0x28e ./Core/Src/freertos.o
 .debug_macro   0x0000000000015d85       0x83 ./Core/Src/freertos.o
 .debug_macro   0x0000000000015e08      0x2f1 ./Core/Src/main.o
 .debug_macro   0x00000000000160f9       0xd6 ./Core/Src/main.o
 .debug_macro   0x00000000000161cf       0x91 ./Core/Src/main.o
 .debug_macro   0x0000000000016260       0x8d ./Core/Src/main.o
 .debug_macro   0x00000000000162ed       0x7e ./Core/Src/main.o
 .debug_macro   0x000000000001636b       0x19 ./Core/Src/main.o
 .debug_macro   0x0000000000016384       0xf2 ./Core/Src/main.o
 .debug_macro   0x0000000000016476       0x22 ./Core/Src/main.o
 .debug_macro   0x0000000000016498      0x198 ./Core/Src/stm32f1xx_hal_msp.o
 .debug_macro   0x0000000000016630      0x2a7 ./Core/Src/stm32f1xx_it.o
 .debug_macro   0x00000000000168d7      0x18e ./Core/Src/system_stm32f1xx.o
 .debug_macro   0x0000000000016a65      0x1b2 ./Drivers/STM32F1xx_HAL_Driver/Src/stm32f1xx_hal.o
 .debug_macro   0x0000000000016c17      0x18e ./Drivers/STM32F1xx_HAL_Driver/Src/stm32f1xx_hal_cortex.o
 .debug_macro   0x0000000000016da5      0x18e ./Drivers/STM32F1xx_HAL_Driver/Src/stm32f1xx_hal_dma.o
 .debug_macro   0x0000000000016f33      0x1f9 ./Drivers/STM32F1xx_HAL_Driver/Src/stm32f1xx_hal_gpio.o
 .debug_macro   0x000000000001712c      0x1a0 ./Drivers/STM32F1xx_HAL_Driver/Src/stm32f1xx_hal_rcc.o
 .debug_macro   0x00000000000172cc      0x18f ./Drivers/STM32F1xx_HAL_Driver/Src/stm32f1xx_hal_uart.o
 .debug_macro   0x000000000001745b      0x210 ./Middlewares/Third_Party/FreeRTOS/Source/CMSIS_RTOS/cmsis_os.o
 .debug_macro   0x000000000001766b       0x10 ./Middlewares/Third_Party/FreeRTOS/Source/CMSIS_RTOS/cmsis_os.o
 .debug_macro   0x000000000001767b       0x20 ./Middlewares/Third_Party/FreeRTOS/Source/CMSIS_RTOS/cmsis_os.o
 .debug_macro   0x000000000001769b       0x16 ./Middlewares/Third_Party/FreeRTOS/Source/CMSIS_RTOS/cmsis_os.o
 .debug_macro   0x00000000000176b1       0xab ./Middlewares/Third_Party/FreeRTOS/Source/CMSIS_RTOS/cmsis_os.o
 .debug_macro   0x000000000001775c      0x199 ./Middlewares/Third_Party/FreeRTOS/Source/list.o
 .debug_macro   0x00000000000178f5      0x224 ./Middlewares/Third_Party/FreeRTOS/Source/queue.o
 .debug_macro   0x0000000000017b19       0x16 ./Middlewares/Third_Party/FreeRTOS/Source/queue.o
 .debug_macro   0x0000000000017b2f      0x292 ./Middlewares/Third_Party/FreeRTOS/Source/tasks.o
 .debug_macro   0x0000000000017dc1       0x10 ./Middlewares/Third_Party/FreeRTOS/Source/tasks.o
 .debug_macro   0x0000000000017dd1      0x20f ./Middlewares/Third_Party/FreeRTOS/Source/portable/GCC/ARM_CM3/port.o
 .debug_macro   0x0000000000017fe0      0x1c0 ./Middlewares/Third_Party/FreeRTOS/Source/portable/MemMang/heap_4.o

.debug_line     0x0000000000000000     0xe18d
 .debug_line    0x0000000000000000      0x850 ./Core/Src/freertos.o
 .debug_line    0x0000000000000850      0xb96 ./Core/Src/main.o
 .debug_line    0x00000000000013e6      0x738 ./Core/Src/stm32f1xx_hal_msp.o
 .debug_line    0x0000000000001b1e      0x92a ./Core/Src/stm32f1xx_it.o
 .debug_line    0x0000000000002448      0x6ab ./Core/Src/system_stm32f1xx.o
 .debug_line    0x0000000000002af3       0x86 ./Core/Startup/startup_stm32f103c8tx.o
 .debug_line    0x0000000000002b79      0x8d8 ./Drivers/STM32F1xx_HAL_Driver/Src/stm32f1xx_hal.o
 .debug_line    0x0000000000003451      0xac0 ./Drivers/STM32F1xx_HAL_Driver/Src/stm32f1xx_hal_cortex.o
 .debug_line    0x0000000000003f11      0xd31 ./Drivers/STM32F1xx_HAL_Driver/Src/stm32f1xx_hal_dma.o
 .debug_line    0x0000000000004c42      0x971 ./Drivers/STM32F1xx_HAL_Driver/Src/stm32f1xx_hal_gpio.o
 .debug_line    0x00000000000055b3      0xce4 ./Drivers/STM32F1xx_HAL_Driver/Src/stm32f1xx_hal_rcc.o
 .debug_line    0x0000000000006297     0x2809 ./Drivers/STM32F1xx_HAL_Driver/Src/stm32f1xx_hal_uart.o
 .debug_line    0x0000000000008aa0     0x11b3 ./Middlewares/Third_Party/FreeRTOS/Source/CMSIS_RTOS/cmsis_os.o
 .debug_line    0x0000000000009c53      0x6ee ./Middlewares/Third_Party/FreeRTOS/Source/list.o
 .debug_line    0x000000000000a341     0x146b ./Middlewares/Third_Party/FreeRTOS/Source/queue.o
 .debug_line    0x000000000000b7ac     0x18d5 ./Middlewares/Third_Party/FreeRTOS/Source/tasks.o
 .debug_line    0x000000000000d081      0x85c ./Middlewares/Third_Party/FreeRTOS/Source/portable/GCC/ARM_CM3/port.o
 .debug_line    0x000000000000d8dd      0x8b0 ./Middlewares/Third_Party/FreeRTOS/Source/portable/MemMang/heap_4.o

.debug_str      0x0000000000000000    0x8a1d1
 .debug_str     0x0000000000000000    0x81ba4 ./Core/Src/freertos.o
                                      0x81f6c (size before relaxing)
 .debug_str     0x0000000000081ba4     0x30de ./Core/Src/main.o
                                      0x850e7 (size before relaxing)
 .debug_str     0x0000000000084c82       0x7c ./Core/Src/stm32f1xx_hal_msp.o
                                      0x7cf8a (size before relaxing)
 .debug_str     0x0000000000084cfe      0x11e ./Core/Src/stm32f1xx_it.o
                                      0x81dbd (size before relaxing)
 .debug_str     0x0000000000084e1c       0x7e ./Core/Src/system_stm32f1xx.o
                                      0x7c7ea (size before relaxing)
 .debug_str     0x0000000000084e9a       0x6a ./Core/Startup/startup_stm32f103c8tx.o
 .debug_str     0x0000000000084f04      0x37d ./Drivers/STM32F1xx_HAL_Driver/Src/stm32f1xx_hal.o
                                      0x7cf1d (size before relaxing)
 .debug_str     0x0000000000085281      0x29f ./Drivers/STM32F1xx_HAL_Driver/Src/stm32f1xx_hal_cortex.o
                                      0x7ce69 (size before relaxing)
 .debug_str     0x0000000000085520      0x20b ./Drivers/STM32F1xx_HAL_Driver/Src/stm32f1xx_hal_dma.o
                                      0x7cb93 (size before relaxing)
 .debug_str     0x000000000008572b      0x2f2 ./Drivers/STM32F1xx_HAL_Driver/Src/stm32f1xx_hal_gpio.o
                                      0x7cb70 (size before relaxing)
 .debug_str     0x0000000000085a1d      0x229 ./Drivers/STM32F1xx_HAL_Driver/Src/stm32f1xx_hal_rcc.o
                                      0x7cc19 (size before relaxing)
 .debug_str     0x0000000000085c46      0x5d2 ./Drivers/STM32F1xx_HAL_Driver/Src/stm32f1xx_hal_uart.o
                                      0x7d28a (size before relaxing)
 .debug_str     0x0000000000086218     0x1d39 ./Middlewares/Third_Party/FreeRTOS/Source/CMSIS_RTOS/cmsis_os.o
                                       0xe064 (size before relaxing)
 .debug_str     0x0000000000087f51      0x21b ./Middlewares/Third_Party/FreeRTOS/Source/list.o
                                       0xa318 (size before relaxing)
 .debug_str     0x000000000008816c      0x7aa ./Middlewares/Third_Party/FreeRTOS/Source/queue.o
                                       0xbb66 (size before relaxing)
 .debug_str     0x0000000000088916     0x100a ./Middlewares/Third_Party/FreeRTOS/Source/tasks.o
                                       0xc9d7 (size before relaxing)
 .debug_str     0x0000000000089920      0x66e ./Middlewares/Third_Party/FreeRTOS/Source/portable/GCC/ARM_CM3/port.o
                                       0x9a51 (size before relaxing)
 .debug_str     0x0000000000089f8e      0x243 ./Middlewares/Third_Party/FreeRTOS/Source/portable/MemMang/heap_4.o
                                       0xaa65 (size before relaxing)

.comment        0x0000000000000000       0x50
 .comment       0x0000000000000000       0x50 ./Core/Src/freertos.o
                                         0x51 (size before relaxing)
 .comment       0x0000000000000050       0x51 ./Core/Src/main.o
 .comment       0x0000000000000050       0x51 ./Core/Src/stm32f1xx_hal_msp.o
 .comment       0x0000000000000050       0x51 ./Core/Src/stm32f1xx_it.o
 .comment       0x0000000000000050       0x51 ./Core/Src/system_stm32f1xx.o
 .comment       0x0000000000000050       0x51 ./Drivers/STM32F1xx_HAL_Driver/Src/stm32f1xx_hal.o
 .comment       0x0000000000000050       0x51 ./Drivers/STM32F1xx_HAL_Driver/Src/stm32f1xx_hal_cortex.o
 .comment       0x0000000000000050       0x51 ./Drivers/STM32F1xx_HAL_Driver/Src/stm32f1xx_hal_dma.o
 .comment       0x0000000000000050       0x51 ./Drivers/STM32F1xx_HAL_Driver/Src/stm32f1xx_hal_gpio.o
 .comment       0x0000000000000050       0x51 ./Drivers/STM32F1xx_HAL_Driver/Src/stm32f1xx_hal_rcc.o
 .comment       0x0000000000000050       0x51 ./Drivers/STM32F1xx_HAL_Driver/Src/stm32f1xx_hal_uart.o
 .comment       0x0000000000000050       0x51 ./Middlewares/Third_Party/FreeRTOS/Source/CMSIS_RTOS/cmsis_os.o
 .comment       0x0000000000000050       0x51 ./Middlewares/Third_Party/FreeRTOS/Source/list.o
 .comment       0x0000000000000050       0x51 ./Middlewares/Third_Party/FreeRTOS/Source/queue.o
 .comment       0x0000000000000050       0x51 ./Middlewares/Third_Party/FreeRTOS/Source/tasks.o
 .comment       0x0000000000000050       0x51 ./Middlewares/Third_Party/FreeRTOS/Source/portable/GCC/ARM_CM3/port.o
 .comment       0x0000000000000050       0x51 ./Middlewares/Third_Party/FreeRTOS/Source/portable/MemMang/heap_4.o

.debug_frame    0x0000000000000000     0x3468
 .debug_frame   0x0000000000000000       0x38 ./Core/Src/freertos.o
 .debug_frame   0x0000000000000038      0x1b0 ./Core/Src/main.o
 .debug_frame   0x00000000000001e8       0x7c ./Core/Src/stm32f1xx_hal_msp.o
 .debug_frame   0x0000000000000264       0xfc ./Core/Src/stm32f1xx_it.o
 .debug_frame   0x0000000000000360       0x58 ./Core/Src/system_stm32f1xx.o
 .debug_frame   0x00000000000003b8      0x334 ./Drivers/STM32F1xx_HAL_Driver/Src/stm32f1xx_hal.o
 .debug_frame   0x00000000000006ec      0x428 ./Drivers/STM32F1xx_HAL_Driver/Src/stm32f1xx_hal_cortex.o
 .debug_frame   0x0000000000000b14      0x208 ./Drivers/STM32F1xx_HAL_Driver/Src/stm32f1xx_hal_dma.o
 .debug_frame   0x0000000000000d1c      0x14c ./Drivers/STM32F1xx_HAL_Driver/Src/stm32f1xx_hal_gpio.o
 .debug_frame   0x0000000000000e68      0x218 ./Drivers/STM32F1xx_HAL_Driver/Src/stm32f1xx_hal_rcc.o
 .debug_frame   0x0000000000001080      0x944 ./Drivers/STM32F1xx_HAL_Driver/Src/stm32f1xx_hal_uart.o
 .debug_frame   0x00000000000019c4      0x80c ./Middlewares/Third_Party/FreeRTOS/Source/CMSIS_RTOS/cmsis_os.o
 .debug_frame   0x00000000000021d0       0xd8 ./Middlewares/Third_Party/FreeRTOS/Source/list.o
 .debug_frame   0x00000000000022a8      0x46c ./Middlewares/Third_Party/FreeRTOS/Source/queue.o
 .debug_frame   0x0000000000002714      0x734 ./Middlewares/Third_Party/FreeRTOS/Source/tasks.o
 .debug_frame   0x0000000000002e48      0x198 ./Middlewares/Third_Party/FreeRTOS/Source/portable/GCC/ARM_CM3/port.o
 .debug_frame   0x0000000000002fe0      0x108 ./Middlewares/Third_Party/FreeRTOS/Source/portable/MemMang/heap_4.o
 .debug_frame   0x00000000000030e8      0x14c /opt/st/stm32cubeide_1.12.1_2/plugins/com.st.stm32cube.ide.mcu.externaltools.gnu-tools-for-stm32.10.3-2021.10.linux64_1.0.200.202301161003/tools/bin/../lib/gcc/arm-none-eabi/10.3.1/../../../../arm-none-eabi/lib/thumb/v7-m/nofp/libc_nano.a(lib_a-findfp.o)
 .debug_frame   0x0000000000003234       0x2c /opt/st/stm32cubeide_1.12.1_2/plugins/com.st.stm32cube.ide.mcu.externaltools.gnu-tools-for-stm32.10.3-2021.10.linux64_1.0.200.202301161003/tools/bin/../lib/gcc/arm-none-eabi/10.3.1/../../../../arm-none-eabi/lib/thumb/v7-m/nofp/libc_nano.a(lib_a-init.o)
 .debug_frame   0x0000000000003260       0xb0 /opt/st/stm32cubeide_1.12.1_2/plugins/com.st.stm32cube.ide.mcu.externaltools.gnu-tools-for-stm32.10.3-2021.10.linux64_1.0.200.202301161003/tools/bin/../lib/gcc/arm-none-eabi/10.3.1/../../../../arm-none-eabi/lib/thumb/v7-m/nofp/libc_nano.a(lib_a-lock.o)
 .debug_frame   0x0000000000003310       0x28 /opt/st/stm32cubeide_1.12.1_2/plugins/com.st.stm32cube.ide.mcu.externaltools.gnu-tools-for-stm32.10.3-2021.10.linux64_1.0.200.202301161003/tools/bin/../lib/gcc/arm-none-eabi/10.3.1/../../../../arm-none-eabi/lib/thumb/v7-m/nofp/libc_nano.a(lib_a-memcpy-stub.o)
 .debug_frame   0x0000000000003338       0x20 /opt/st/stm32cubeide_1.12.1_2/plugins/com.st.stm32cube.ide.mcu.externaltools.gnu-tools-for-stm32.10.3-2021.10.linux64_1.0.200.202301161003/tools/bin/../lib/gcc/arm-none-eabi/10.3.1/../../../../arm-none-eabi/lib/thumb/v7-m/nofp/libc_nano.a(lib_a-memset.o)
 .debug_frame   0x0000000000003358       0x4c /opt/st/stm32cubeide_1.12.1_2/plugins/com.st.stm32cube.ide.mcu.externaltools.gnu-tools-for-stm32.10.3-2021.10.linux64_1.0.200.202301161003/tools/bin/../lib/gcc/arm-none-eabi/10.3.1/../../../../arm-none-eabi/lib/thumb/v7-m/nofp/libc_nano.a(lib_a-nano-mallocr.o)
 .debug_frame   0x00000000000033a4       0x5c /opt/st/stm32cubeide_1.12.1_2/plugins/com.st.stm32cube.ide.mcu.externaltools.gnu-tools-for-stm32.10.3-2021.10.linux64_1.0.200.202301161003/tools/bin/../lib/gcc/arm-none-eabi/10.3.1/../../../../arm-none-eabi/lib/thumb/v7-m/nofp/libc_nano.a(lib_a-reent.o)
 .debug_frame   0x0000000000003400       0x30 /opt/st/stm32cubeide_1.12.1_2/plugins/com.st.stm32cube.ide.mcu.externaltools.gnu-tools-for-stm32.10.3-2021.10.linux64_1.0.200.202301161003/tools/bin/../lib/gcc/arm-none-eabi/10.3.1/../../../../arm-none-eabi/lib/thumb/v7-m/nofp/libc_nano.a(lib_a-mlock.o)
 .debug_frame   0x0000000000003430       0x38 /opt/st/stm32cubeide_1.12.1_2/plugins/com.st.stm32cube.ide.mcu.externaltools.gnu-tools-for-stm32.10.3-2021.10.linux64_1.0.200.202301161003/tools/bin/../lib/gcc/arm-none-eabi/10.3.1/../../../../arm-none-eabi/lib/thumb/v7-m/nofp/libc_nano.a(lib_a-nano-freer.o)
